<?xml version="1.0" encoding="ISO-8859-1" ?>
<link_info>
   <banner>TI ARM Clang Linker PC v4.0.3.LTS</banner>
   <copyright>Copyright (c) 1996-2018 Texas Instruments Incorporated</copyright>
   <command_line>D:\TI_MSP\ccs\tools\compiler\ti-cgt-armllvm_4.0.3.LTS\bin\tiarmlnk -ID:\TI_MSP\ccs\tools\compiler\ti-cgt-armllvm_4.0.3.LTS\lib -o mspm0-modules.out -mmspm0-modules.map -iD:/TI_MSP/mspm0_sdk_2_05_01_00/source -iC:/Users/24506/workspace_ccstheia/mspm0-modules -iC:/Users/24506/workspace_ccstheia/mspm0-modules/Debug/syscfg -iD:/TI_MSP/ccs/tools/compiler/ti-cgt-armllvm_4.0.3.LTS/lib --diag_wrap=off --display_error_number --warn_sections --xml_link_info=mspm0-modules_linkInfo.xml --rom_model ./main.o ./ti_msp_dl_config.o ./startup_mspm0g350x_ticlang.o ./Drivers/MPU6050/inv_mpu.o ./Drivers/MPU6050/inv_mpu_dmp_motion_driver.o ./Drivers/MPU6050/mpu6050.o ./Drivers/MPU6050/mspm0_i2c.o ./Drivers/MSPM0/clock.o ./Drivers/MSPM0/interrupt.o ./Drivers/Motor_520/Motor520.o ./Drivers/OLED_Software_I2C/oled_software_i2c.o ./Drivers/Stepper/Stepper.o -l./device_linker.cmd -ldevice.cmd.genlibs -llibc.a -lD:/TI_MSP/mspm0_sdk_2_05_01_00/source/ti/driverlib/lib/ticlang/m0p/mspm0g1x0x_g3x0x/driverlib.a --start-group -llibc++.a -llibc++abi.a -llibc.a -llibsys.a -llibsysbm.a -llibclang_rt.builtins.a -llibclang_rt.profile.a --end-group --cg_opt_level=0</command_line>
   <link_time>0x688dfab2</link_time>
   <link_errors>0x0</link_errors>
   <output_file>C:\Users\24506\workspace_ccstheia\mspm0-modules\Debug\mspm0-modules.out</output_file>
   <entry_point>
      <name>_c_int00_noargs</name>
      <address>0x61ed</address>
   </entry_point>
   <input_file_list>
      <input_file id="fl-1">
         <path>C:\Users\24506\workspace_ccstheia\mspm0-modules\Debug\.\</path>
         <kind>object</kind>
         <file>main.o</file>
         <name>main.o</name>
      </input_file>
      <input_file id="fl-2">
         <path>C:\Users\24506\workspace_ccstheia\mspm0-modules\Debug\.\</path>
         <kind>object</kind>
         <file>ti_msp_dl_config.o</file>
         <name>ti_msp_dl_config.o</name>
      </input_file>
      <input_file id="fl-3">
         <path>C:\Users\24506\workspace_ccstheia\mspm0-modules\Debug\.\</path>
         <kind>object</kind>
         <file>startup_mspm0g350x_ticlang.o</file>
         <name>startup_mspm0g350x_ticlang.o</name>
      </input_file>
      <input_file id="fl-4">
         <path>C:\Users\24506\workspace_ccstheia\mspm0-modules\Debug\.\Drivers\MPU6050\</path>
         <kind>object</kind>
         <file>inv_mpu.o</file>
         <name>inv_mpu.o</name>
      </input_file>
      <input_file id="fl-5">
         <path>C:\Users\24506\workspace_ccstheia\mspm0-modules\Debug\.\Drivers\MPU6050\</path>
         <kind>object</kind>
         <file>inv_mpu_dmp_motion_driver.o</file>
         <name>inv_mpu_dmp_motion_driver.o</name>
      </input_file>
      <input_file id="fl-6">
         <path>C:\Users\24506\workspace_ccstheia\mspm0-modules\Debug\.\Drivers\MPU6050\</path>
         <kind>object</kind>
         <file>mpu6050.o</file>
         <name>mpu6050.o</name>
      </input_file>
      <input_file id="fl-7">
         <path>C:\Users\24506\workspace_ccstheia\mspm0-modules\Debug\.\Drivers\MPU6050\</path>
         <kind>object</kind>
         <file>mspm0_i2c.o</file>
         <name>mspm0_i2c.o</name>
      </input_file>
      <input_file id="fl-8">
         <path>C:\Users\24506\workspace_ccstheia\mspm0-modules\Debug\.\Drivers\MSPM0\</path>
         <kind>object</kind>
         <file>clock.o</file>
         <name>clock.o</name>
      </input_file>
      <input_file id="fl-9">
         <path>C:\Users\24506\workspace_ccstheia\mspm0-modules\Debug\.\Drivers\MSPM0\</path>
         <kind>object</kind>
         <file>interrupt.o</file>
         <name>interrupt.o</name>
      </input_file>
      <input_file id="fl-a">
         <path>C:\Users\24506\workspace_ccstheia\mspm0-modules\Debug\.\Drivers\Motor_520\</path>
         <kind>object</kind>
         <file>Motor520.o</file>
         <name>Motor520.o</name>
      </input_file>
      <input_file id="fl-b">
         <path>C:\Users\24506\workspace_ccstheia\mspm0-modules\Debug\.\Drivers\OLED_Software_I2C\</path>
         <kind>object</kind>
         <file>oled_software_i2c.o</file>
         <name>oled_software_i2c.o</name>
      </input_file>
      <input_file id="fl-c">
         <path>C:\Users\24506\workspace_ccstheia\mspm0-modules\Debug\.\Drivers\Stepper\</path>
         <kind>object</kind>
         <file>Stepper.o</file>
         <name>Stepper.o</name>
      </input_file>
      <input_file id="fl-1a">
         <path>C:\Users\24506\workspace_ccstheia\mspm0-modules\Debug\</path>
         <kind>object</kind>
         <file>&lt;internal&gt;</file>
         <name>&lt;internal&gt;</name>
      </input_file>
      <input_file id="fl-1b">
         <path>D:\TI_MSP\mspm0_sdk_2_05_01_00\source\ti\driverlib\lib\ticlang\m0p\mspm0g1x0x_g3x0x\</path>
         <kind>archive</kind>
         <file>driverlib.a</file>
         <name>dl_common.o</name>
      </input_file>
      <input_file id="fl-1c">
         <path>D:\TI_MSP\mspm0_sdk_2_05_01_00\source\ti\driverlib\lib\ticlang\m0p\mspm0g1x0x_g3x0x\</path>
         <kind>archive</kind>
         <file>driverlib.a</file>
         <name>dl_dma.o</name>
      </input_file>
      <input_file id="fl-1d">
         <path>D:\TI_MSP\mspm0_sdk_2_05_01_00\source\ti\driverlib\lib\ticlang\m0p\mspm0g1x0x_g3x0x\</path>
         <kind>archive</kind>
         <file>driverlib.a</file>
         <name>dl_i2c.o</name>
      </input_file>
      <input_file id="fl-1e">
         <path>D:\TI_MSP\mspm0_sdk_2_05_01_00\source\ti\driverlib\lib\ticlang\m0p\mspm0g1x0x_g3x0x\</path>
         <kind>archive</kind>
         <file>driverlib.a</file>
         <name>dl_timer.o</name>
      </input_file>
      <input_file id="fl-1f">
         <path>D:\TI_MSP\mspm0_sdk_2_05_01_00\source\ti\driverlib\lib\ticlang\m0p\mspm0g1x0x_g3x0x\</path>
         <kind>archive</kind>
         <file>driverlib.a</file>
         <name>dl_uart.o</name>
      </input_file>
      <input_file id="fl-20">
         <path>D:\TI_MSP\mspm0_sdk_2_05_01_00\source\ti\driverlib\lib\ticlang\m0p\mspm0g1x0x_g3x0x\</path>
         <kind>archive</kind>
         <file>driverlib.a</file>
         <name>dl_sysctl_mspm0g1x0x_g3x0x.o</name>
      </input_file>
      <input_file id="fl-37">
         <path>D:\TI_MSP\ccs\tools\compiler\ti-cgt-armllvm_4.0.3.LTS\lib\armv6m-ti-none-eabi\c\</path>
         <kind>archive</kind>
         <file>libc.a</file>
         <name>sprintf.c.obj</name>
      </input_file>
      <input_file id="fl-38">
         <path>D:\TI_MSP\ccs\tools\compiler\ti-cgt-armllvm_4.0.3.LTS\lib\armv6m-ti-none-eabi\c\</path>
         <kind>archive</kind>
         <file>libc.a</file>
         <name>e_asin.c.obj</name>
      </input_file>
      <input_file id="fl-39">
         <path>D:\TI_MSP\ccs\tools\compiler\ti-cgt-armllvm_4.0.3.LTS\lib\armv6m-ti-none-eabi\c\</path>
         <kind>archive</kind>
         <file>libc.a</file>
         <name>e_atan2.c.obj</name>
      </input_file>
      <input_file id="fl-3a">
         <path>D:\TI_MSP\ccs\tools\compiler\ti-cgt-armllvm_4.0.3.LTS\lib\armv6m-ti-none-eabi\c\</path>
         <kind>archive</kind>
         <file>libc.a</file>
         <name>e_sqrt.c.obj</name>
      </input_file>
      <input_file id="fl-3b">
         <path>D:\TI_MSP\ccs\tools\compiler\ti-cgt-armllvm_4.0.3.LTS\lib\armv6m-ti-none-eabi\c\</path>
         <kind>archive</kind>
         <file>libc.a</file>
         <name>s_atan.c.obj</name>
      </input_file>
      <input_file id="fl-3c">
         <path>D:\TI_MSP\ccs\tools\compiler\ti-cgt-armllvm_4.0.3.LTS\lib\armv6m-ti-none-eabi\c\</path>
         <kind>archive</kind>
         <file>libc.a</file>
         <name>aeabi_portable.c.obj</name>
      </input_file>
      <input_file id="fl-3d">
         <path>D:\TI_MSP\ccs\tools\compiler\ti-cgt-armllvm_4.0.3.LTS\lib\armv6m-ti-none-eabi\c\</path>
         <kind>archive</kind>
         <file>libc.a</file>
         <name>assert.c.obj</name>
      </input_file>
      <input_file id="fl-3e">
         <path>D:\TI_MSP\ccs\tools\compiler\ti-cgt-armllvm_4.0.3.LTS\lib\armv6m-ti-none-eabi\c\</path>
         <kind>archive</kind>
         <file>libc.a</file>
         <name>defs.c.obj</name>
      </input_file>
      <input_file id="fl-3f">
         <path>D:\TI_MSP\ccs\tools\compiler\ti-cgt-armllvm_4.0.3.LTS\lib\armv6m-ti-none-eabi\c\</path>
         <kind>archive</kind>
         <file>libc.a</file>
         <name>memcmp.c.obj</name>
      </input_file>
      <input_file id="fl-40">
         <path>D:\TI_MSP\ccs\tools\compiler\ti-cgt-armllvm_4.0.3.LTS\lib\armv6m-ti-none-eabi\c\</path>
         <kind>archive</kind>
         <file>libc.a</file>
         <name>memory.c.obj</name>
      </input_file>
      <input_file id="fl-41">
         <path>D:\TI_MSP\ccs\tools\compiler\ti-cgt-armllvm_4.0.3.LTS\lib\armv6m-ti-none-eabi\c\</path>
         <kind>archive</kind>
         <file>libc.a</file>
         <name>boot_cortex_m.c.obj</name>
      </input_file>
      <input_file id="fl-42">
         <path>D:\TI_MSP\ccs\tools\compiler\ti-cgt-armllvm_4.0.3.LTS\lib\armv6m-ti-none-eabi\c\</path>
         <kind>archive</kind>
         <file>libc.a</file>
         <name>mathacl_init.c.obj</name>
      </input_file>
      <input_file id="fl-43">
         <path>D:\TI_MSP\ccs\tools\compiler\ti-cgt-armllvm_4.0.3.LTS\lib\armv6m-ti-none-eabi\c\</path>
         <kind>archive</kind>
         <file>libc.a</file>
         <name>autoinit.c.obj</name>
      </input_file>
      <input_file id="fl-44">
         <path>D:\TI_MSP\ccs\tools\compiler\ti-cgt-armllvm_4.0.3.LTS\lib\armv6m-ti-none-eabi\c\</path>
         <kind>archive</kind>
         <file>libc.a</file>
         <name>pre_init.c.obj</name>
      </input_file>
      <input_file id="fl-45">
         <path>D:\TI_MSP\ccs\tools\compiler\ti-cgt-armllvm_4.0.3.LTS\lib\armv6m-ti-none-eabi\c\</path>
         <kind>archive</kind>
         <file>libc.a</file>
         <name>cpy_tbl.c.obj</name>
      </input_file>
      <input_file id="fl-46">
         <path>D:\TI_MSP\ccs\tools\compiler\ti-cgt-armllvm_4.0.3.LTS\lib\armv6m-ti-none-eabi\c\</path>
         <kind>archive</kind>
         <file>libc.a</file>
         <name>copy_zero_init.c.obj</name>
      </input_file>
      <input_file id="fl-47">
         <path>D:\TI_MSP\ccs\tools\compiler\ti-cgt-armllvm_4.0.3.LTS\lib\armv6m-ti-none-eabi\c\</path>
         <kind>archive</kind>
         <file>libc.a</file>
         <name>copy_decompress_none.c.obj</name>
      </input_file>
      <input_file id="fl-48">
         <path>D:\TI_MSP\ccs\tools\compiler\ti-cgt-armllvm_4.0.3.LTS\lib\armv6m-ti-none-eabi\c\</path>
         <kind>archive</kind>
         <file>libc.a</file>
         <name>copy_decompress_lzss.c.obj</name>
      </input_file>
      <input_file id="fl-49">
         <path>D:\TI_MSP\ccs\tools\compiler\ti-cgt-armllvm_4.0.3.LTS\lib\armv6m-ti-none-eabi\c\</path>
         <kind>archive</kind>
         <file>libc.a</file>
         <name>_printfi.c.obj</name>
      </input_file>
      <input_file id="fl-4a">
         <path>D:\TI_MSP\ccs\tools\compiler\ti-cgt-armllvm_4.0.3.LTS\lib\armv6m-ti-none-eabi\c\</path>
         <kind>archive</kind>
         <file>libc.a</file>
         <name>fflush.c.obj</name>
      </input_file>
      <input_file id="fl-4b">
         <path>D:\TI_MSP\ccs\tools\compiler\ti-cgt-armllvm_4.0.3.LTS\lib\armv6m-ti-none-eabi\c\</path>
         <kind>archive</kind>
         <file>libc.a</file>
         <name>fputs.c.obj</name>
      </input_file>
      <input_file id="fl-4c">
         <path>D:\TI_MSP\ccs\tools\compiler\ti-cgt-armllvm_4.0.3.LTS\lib\armv6m-ti-none-eabi\c\</path>
         <kind>archive</kind>
         <file>libc.a</file>
         <name>_io_perm.c.obj</name>
      </input_file>
      <input_file id="fl-4d">
         <path>D:\TI_MSP\ccs\tools\compiler\ti-cgt-armllvm_4.0.3.LTS\lib\armv6m-ti-none-eabi\c\</path>
         <kind>archive</kind>
         <file>libc.a</file>
         <name>setvbuf.c.obj</name>
      </input_file>
      <input_file id="fl-4e">
         <path>D:\TI_MSP\ccs\tools\compiler\ti-cgt-armllvm_4.0.3.LTS\lib\armv6m-ti-none-eabi\c\</path>
         <kind>archive</kind>
         <file>libc.a</file>
         <name>s_frexp.c.obj</name>
      </input_file>
      <input_file id="fl-4f">
         <path>D:\TI_MSP\ccs\tools\compiler\ti-cgt-armllvm_4.0.3.LTS\lib\armv6m-ti-none-eabi\c\</path>
         <kind>archive</kind>
         <file>libc.a</file>
         <name>s_scalbn.c.obj</name>
      </input_file>
      <input_file id="fl-50">
         <path>D:\TI_MSP\ccs\tools\compiler\ti-cgt-armllvm_4.0.3.LTS\lib\armv6m-ti-none-eabi\c\</path>
         <kind>archive</kind>
         <file>libc.a</file>
         <name>wcslen.c.obj</name>
      </input_file>
      <input_file id="fl-51">
         <path>D:\TI_MSP\ccs\tools\compiler\ti-cgt-armllvm_4.0.3.LTS\lib\armv6m-ti-none-eabi\c\</path>
         <kind>archive</kind>
         <file>libc.a</file>
         <name>exit.c.obj</name>
      </input_file>
      <input_file id="fl-52">
         <path>D:\TI_MSP\ccs\tools\compiler\ti-cgt-armllvm_4.0.3.LTS\lib\armv6m-ti-none-eabi\c\</path>
         <kind>archive</kind>
         <file>libc.a</file>
         <name>_lock.c.obj</name>
      </input_file>
      <input_file id="fl-53">
         <path>D:\TI_MSP\ccs\tools\compiler\ti-cgt-armllvm_4.0.3.LTS\lib\armv6m-ti-none-eabi\c\</path>
         <kind>archive</kind>
         <file>libc.a</file>
         <name>_ltoa.c.obj</name>
      </input_file>
      <input_file id="fl-54">
         <path>D:\TI_MSP\ccs\tools\compiler\ti-cgt-armllvm_4.0.3.LTS\lib\armv6m-ti-none-eabi\c\</path>
         <kind>archive</kind>
         <file>libc.a</file>
         <name>args_main.c.obj</name>
      </input_file>
      <input_file id="fl-55">
         <path>D:\TI_MSP\ccs\tools\compiler\ti-cgt-armllvm_4.0.3.LTS\lib\armv6m-ti-none-eabi\c\</path>
         <kind>archive</kind>
         <file>libc.a</file>
         <name>atoi.c.obj</name>
      </input_file>
      <input_file id="fl-56">
         <path>D:\TI_MSP\ccs\tools\compiler\ti-cgt-armllvm_4.0.3.LTS\lib\armv6m-ti-none-eabi\c\</path>
         <kind>archive</kind>
         <file>libc.a</file>
         <name>memccpy.c.obj</name>
      </input_file>
      <input_file id="fl-57">
         <path>D:\TI_MSP\ccs\tools\compiler\ti-cgt-armllvm_4.0.3.LTS\lib\armv6m-ti-none-eabi\c\</path>
         <kind>archive</kind>
         <file>libc.a</file>
         <name>fopen.c.obj</name>
      </input_file>
      <input_file id="fl-58">
         <path>D:\TI_MSP\ccs\tools\compiler\ti-cgt-armllvm_4.0.3.LTS\lib\armv6m-ti-none-eabi\c\</path>
         <kind>archive</kind>
         <file>libc.a</file>
         <name>fseek.c.obj</name>
      </input_file>
      <input_file id="fl-59">
         <path>D:\TI_MSP\ccs\tools\compiler\ti-cgt-armllvm_4.0.3.LTS\lib\armv6m-ti-none-eabi\c\</path>
         <kind>archive</kind>
         <file>libc.a</file>
         <name>aeabi_ctype.S.obj</name>
      </input_file>
      <input_file id="fl-5a">
         <path>D:\TI_MSP\ccs\tools\compiler\ti-cgt-armllvm_4.0.3.LTS\lib\armv6m-ti-none-eabi\c\</path>
         <kind>archive</kind>
         <file>libc.a</file>
         <name>fclose.c.obj</name>
      </input_file>
      <input_file id="fl-fa">
         <path>D:\TI_MSP\ccs\tools\compiler\ti-cgt-armllvm_4.0.3.LTS\lib\armv6m-ti-none-eabi\c\</path>
         <kind>archive</kind>
         <file>libsysbm.a</file>
         <name>hostexit.c.obj</name>
      </input_file>
      <input_file id="fl-fb">
         <path>D:\TI_MSP\ccs\tools\compiler\ti-cgt-armllvm_4.0.3.LTS\lib\armv6m-ti-none-eabi\c\</path>
         <kind>archive</kind>
         <file>libsysbm.a</file>
         <name>write.c.obj</name>
      </input_file>
      <input_file id="fl-fc">
         <path>D:\TI_MSP\ccs\tools\compiler\ti-cgt-armllvm_4.0.3.LTS\lib\armv6m-ti-none-eabi\c\</path>
         <kind>archive</kind>
         <file>libsysbm.a</file>
         <name>host_device.c.obj</name>
      </input_file>
      <input_file id="fl-fd">
         <path>D:\TI_MSP\ccs\tools\compiler\ti-cgt-armllvm_4.0.3.LTS\lib\armv6m-ti-none-eabi\c\</path>
         <kind>archive</kind>
         <file>libsysbm.a</file>
         <name>remove.c.obj</name>
      </input_file>
      <input_file id="fl-fe">
         <path>D:\TI_MSP\ccs\tools\compiler\ti-cgt-armllvm_4.0.3.LTS\lib\armv6m-ti-none-eabi\c\</path>
         <kind>archive</kind>
         <file>libsysbm.a</file>
         <name>open.c.obj</name>
      </input_file>
      <input_file id="fl-ff">
         <path>D:\TI_MSP\ccs\tools\compiler\ti-cgt-armllvm_4.0.3.LTS\lib\armv6m-ti-none-eabi\c\</path>
         <kind>archive</kind>
         <file>libsysbm.a</file>
         <name>lseek.c.obj</name>
      </input_file>
      <input_file id="fl-100">
         <path>D:\TI_MSP\ccs\tools\compiler\ti-cgt-armllvm_4.0.3.LTS\lib\armv6m-ti-none-eabi\c\</path>
         <kind>archive</kind>
         <file>libsysbm.a</file>
         <name>close.c.obj</name>
      </input_file>
      <input_file id="fl-101">
         <path>D:\TI_MSP\ccs\tools\compiler\ti-cgt-armllvm_4.0.3.LTS\lib\armv6m-ti-none-eabi\c\</path>
         <kind>archive</kind>
         <file>libsysbm.a</file>
         <name>unlink.c.obj</name>
      </input_file>
      <input_file id="fl-102">
         <path>D:\TI_MSP\ccs\tools\compiler\ti-cgt-armllvm_4.0.3.LTS\lib\armv6m-ti-none-eabi\c\</path>
         <kind>archive</kind>
         <file>libsysbm.a</file>
         <name>hostclose.c.obj</name>
      </input_file>
      <input_file id="fl-103">
         <path>D:\TI_MSP\ccs\tools\compiler\ti-cgt-armllvm_4.0.3.LTS\lib\armv6m-ti-none-eabi\c\</path>
         <kind>archive</kind>
         <file>libsysbm.a</file>
         <name>hostlseek.c.obj</name>
      </input_file>
      <input_file id="fl-104">
         <path>D:\TI_MSP\ccs\tools\compiler\ti-cgt-armllvm_4.0.3.LTS\lib\armv6m-ti-none-eabi\c\</path>
         <kind>archive</kind>
         <file>libsysbm.a</file>
         <name>hostopen.c.obj</name>
      </input_file>
      <input_file id="fl-105">
         <path>D:\TI_MSP\ccs\tools\compiler\ti-cgt-armllvm_4.0.3.LTS\lib\armv6m-ti-none-eabi\c\</path>
         <kind>archive</kind>
         <file>libsysbm.a</file>
         <name>hostread.c.obj</name>
      </input_file>
      <input_file id="fl-106">
         <path>D:\TI_MSP\ccs\tools\compiler\ti-cgt-armllvm_4.0.3.LTS\lib\armv6m-ti-none-eabi\c\</path>
         <kind>archive</kind>
         <file>libsysbm.a</file>
         <name>hostrename.c.obj</name>
      </input_file>
      <input_file id="fl-107">
         <path>D:\TI_MSP\ccs\tools\compiler\ti-cgt-armllvm_4.0.3.LTS\lib\armv6m-ti-none-eabi\c\</path>
         <kind>archive</kind>
         <file>libsysbm.a</file>
         <name>hostunlink.c.obj</name>
      </input_file>
      <input_file id="fl-108">
         <path>D:\TI_MSP\ccs\tools\compiler\ti-cgt-armllvm_4.0.3.LTS\lib\armv6m-ti-none-eabi\c\</path>
         <kind>archive</kind>
         <file>libsysbm.a</file>
         <name>hostwrite.c.obj</name>
      </input_file>
      <input_file id="fl-109">
         <path>D:\TI_MSP\ccs\tools\compiler\ti-cgt-armllvm_4.0.3.LTS\lib\armv6m-ti-none-eabi\c\</path>
         <kind>archive</kind>
         <file>libsysbm.a</file>
         <name>trgmsg.c.obj</name>
      </input_file>
      <input_file id="fl-10a">
         <path>D:\TI_MSP\ccs\tools\compiler\ti-cgt-armllvm_4.0.3.LTS\lib\armv6m-ti-none-eabi\</path>
         <kind>archive</kind>
         <file>libclang_rt.builtins.a</file>
         <name>addsf3.S.obj</name>
      </input_file>
      <input_file id="fl-10b">
         <path>D:\TI_MSP\ccs\tools\compiler\ti-cgt-armllvm_4.0.3.LTS\lib\armv6m-ti-none-eabi\</path>
         <kind>archive</kind>
         <file>libclang_rt.builtins.a</file>
         <name>adddf3.S.obj</name>
      </input_file>
      <input_file id="fl-10c">
         <path>D:\TI_MSP\ccs\tools\compiler\ti-cgt-armllvm_4.0.3.LTS\lib\armv6m-ti-none-eabi\</path>
         <kind>archive</kind>
         <file>libclang_rt.builtins.a</file>
         <name>muldf3.S.obj</name>
      </input_file>
      <input_file id="fl-10d">
         <path>D:\TI_MSP\ccs\tools\compiler\ti-cgt-armllvm_4.0.3.LTS\lib\armv6m-ti-none-eabi\</path>
         <kind>archive</kind>
         <file>libclang_rt.builtins.a</file>
         <name>muldsi3.S.obj</name>
      </input_file>
      <input_file id="fl-10e">
         <path>D:\TI_MSP\ccs\tools\compiler\ti-cgt-armllvm_4.0.3.LTS\lib\armv6m-ti-none-eabi\</path>
         <kind>archive</kind>
         <file>libclang_rt.builtins.a</file>
         <name>mulsf3.S.obj</name>
      </input_file>
      <input_file id="fl-10f">
         <path>D:\TI_MSP\ccs\tools\compiler\ti-cgt-armllvm_4.0.3.LTS\lib\armv6m-ti-none-eabi\</path>
         <kind>archive</kind>
         <file>libclang_rt.builtins.a</file>
         <name>divsf3.S.obj</name>
      </input_file>
      <input_file id="fl-110">
         <path>D:\TI_MSP\ccs\tools\compiler\ti-cgt-armllvm_4.0.3.LTS\lib\armv6m-ti-none-eabi\</path>
         <kind>archive</kind>
         <file>libclang_rt.builtins.a</file>
         <name>divdf3.S.obj</name>
      </input_file>
      <input_file id="fl-111">
         <path>D:\TI_MSP\ccs\tools\compiler\ti-cgt-armllvm_4.0.3.LTS\lib\armv6m-ti-none-eabi\</path>
         <kind>archive</kind>
         <file>libclang_rt.builtins.a</file>
         <name>extendsfdf2.S.obj</name>
      </input_file>
      <input_file id="fl-112">
         <path>D:\TI_MSP\ccs\tools\compiler\ti-cgt-armllvm_4.0.3.LTS\lib\armv6m-ti-none-eabi\</path>
         <kind>archive</kind>
         <file>libclang_rt.builtins.a</file>
         <name>fixdfsi.S.obj</name>
      </input_file>
      <input_file id="fl-113">
         <path>D:\TI_MSP\ccs\tools\compiler\ti-cgt-armllvm_4.0.3.LTS\lib\armv6m-ti-none-eabi\</path>
         <kind>archive</kind>
         <file>libclang_rt.builtins.a</file>
         <name>fixsfsi.S.obj</name>
      </input_file>
      <input_file id="fl-114">
         <path>D:\TI_MSP\ccs\tools\compiler\ti-cgt-armllvm_4.0.3.LTS\lib\armv6m-ti-none-eabi\</path>
         <kind>archive</kind>
         <file>libclang_rt.builtins.a</file>
         <name>floatsidf.S.obj</name>
      </input_file>
      <input_file id="fl-115">
         <path>D:\TI_MSP\ccs\tools\compiler\ti-cgt-armllvm_4.0.3.LTS\lib\armv6m-ti-none-eabi\</path>
         <kind>archive</kind>
         <file>libclang_rt.builtins.a</file>
         <name>floatsisf.S.obj</name>
      </input_file>
      <input_file id="fl-116">
         <path>D:\TI_MSP\ccs\tools\compiler\ti-cgt-armllvm_4.0.3.LTS\lib\armv6m-ti-none-eabi\</path>
         <kind>archive</kind>
         <file>libclang_rt.builtins.a</file>
         <name>floatunsisf.S.obj</name>
      </input_file>
      <input_file id="fl-117">
         <path>D:\TI_MSP\ccs\tools\compiler\ti-cgt-armllvm_4.0.3.LTS\lib\armv6m-ti-none-eabi\</path>
         <kind>archive</kind>
         <file>libclang_rt.builtins.a</file>
         <name>muldi3.S.obj</name>
      </input_file>
      <input_file id="fl-118">
         <path>D:\TI_MSP\ccs\tools\compiler\ti-cgt-armllvm_4.0.3.LTS\lib\armv6m-ti-none-eabi\</path>
         <kind>archive</kind>
         <file>libclang_rt.builtins.a</file>
         <name>truncdfsf2.S.obj</name>
      </input_file>
      <input_file id="fl-119">
         <path>D:\TI_MSP\ccs\tools\compiler\ti-cgt-armllvm_4.0.3.LTS\lib\armv6m-ti-none-eabi\</path>
         <kind>archive</kind>
         <file>libclang_rt.builtins.a</file>
         <name>aeabi_dcmp.S.obj</name>
      </input_file>
      <input_file id="fl-11a">
         <path>D:\TI_MSP\ccs\tools\compiler\ti-cgt-armllvm_4.0.3.LTS\lib\armv6m-ti-none-eabi\</path>
         <kind>archive</kind>
         <file>libclang_rt.builtins.a</file>
         <name>aeabi_fcmp.S.obj</name>
      </input_file>
      <input_file id="fl-11b">
         <path>D:\TI_MSP\ccs\tools\compiler\ti-cgt-armllvm_4.0.3.LTS\lib\armv6m-ti-none-eabi\</path>
         <kind>archive</kind>
         <file>libclang_rt.builtins.a</file>
         <name>aeabi_idivmod.S.obj</name>
      </input_file>
      <input_file id="fl-11c">
         <path>D:\TI_MSP\ccs\tools\compiler\ti-cgt-armllvm_4.0.3.LTS\lib\armv6m-ti-none-eabi\</path>
         <kind>archive</kind>
         <file>libclang_rt.builtins.a</file>
         <name>aeabi_ldivmod.S.obj</name>
      </input_file>
      <input_file id="fl-11d">
         <path>D:\TI_MSP\ccs\tools\compiler\ti-cgt-armllvm_4.0.3.LTS\lib\armv6m-ti-none-eabi\</path>
         <kind>archive</kind>
         <file>libclang_rt.builtins.a</file>
         <name>aeabi_memcpy.S.obj</name>
      </input_file>
      <input_file id="fl-11e">
         <path>D:\TI_MSP\ccs\tools\compiler\ti-cgt-armllvm_4.0.3.LTS\lib\armv6m-ti-none-eabi\</path>
         <kind>archive</kind>
         <file>libclang_rt.builtins.a</file>
         <name>aeabi_memset.S.obj</name>
      </input_file>
      <input_file id="fl-11f">
         <path>D:\TI_MSP\ccs\tools\compiler\ti-cgt-armllvm_4.0.3.LTS\lib\armv6m-ti-none-eabi\</path>
         <kind>archive</kind>
         <file>libclang_rt.builtins.a</file>
         <name>aeabi_uidivmod.S.obj</name>
      </input_file>
      <input_file id="fl-120">
         <path>D:\TI_MSP\ccs\tools\compiler\ti-cgt-armllvm_4.0.3.LTS\lib\armv6m-ti-none-eabi\</path>
         <kind>archive</kind>
         <file>libclang_rt.builtins.a</file>
         <name>aeabi_uldivmod.S.obj</name>
      </input_file>
      <input_file id="fl-121">
         <path>D:\TI_MSP\ccs\tools\compiler\ti-cgt-armllvm_4.0.3.LTS\lib\armv6m-ti-none-eabi\</path>
         <kind>archive</kind>
         <file>libclang_rt.builtins.a</file>
         <name>comparesf2.S.obj</name>
      </input_file>
      <input_file id="fl-122">
         <path>D:\TI_MSP\ccs\tools\compiler\ti-cgt-armllvm_4.0.3.LTS\lib\armv6m-ti-none-eabi\</path>
         <kind>archive</kind>
         <file>libclang_rt.builtins.a</file>
         <name>udivmoddi4.S.obj</name>
      </input_file>
      <input_file id="fl-123">
         <path>D:\TI_MSP\ccs\tools\compiler\ti-cgt-armllvm_4.0.3.LTS\lib\armv6m-ti-none-eabi\</path>
         <kind>archive</kind>
         <file>libclang_rt.builtins.a</file>
         <name>ashldi3.S.obj</name>
      </input_file>
      <input_file id="fl-124">
         <path>D:\TI_MSP\ccs\tools\compiler\ti-cgt-armllvm_4.0.3.LTS\lib\armv6m-ti-none-eabi\</path>
         <kind>archive</kind>
         <file>libclang_rt.builtins.a</file>
         <name>comparedf2.c.obj</name>
      </input_file>
      <input_file id="fl-125">
         <path>D:\TI_MSP\ccs\tools\compiler\ti-cgt-armllvm_4.0.3.LTS\lib\armv6m-ti-none-eabi\</path>
         <kind>archive</kind>
         <file>libclang_rt.builtins.a</file>
         <name>divmoddi4.c.obj</name>
      </input_file>
      <input_file id="fl-126">
         <path>D:\TI_MSP\ccs\tools\compiler\ti-cgt-armllvm_4.0.3.LTS\lib\armv6m-ti-none-eabi\</path>
         <kind>archive</kind>
         <file>libclang_rt.builtins.a</file>
         <name>aeabi_div0.c.obj</name>
      </input_file>
      <input_file id="fl-127">
         <path>D:\TI_MSP\ccs\tools\compiler\ti-cgt-armllvm_4.0.3.LTS\lib\armv6m-ti-none-eabi\c\</path>
         <kind>archive</kind>
         <file>libc.a</file>
         <name>getdevice.c.obj</name>
      </input_file>
      <input_file id="fl-128">
         <path>D:\TI_MSP\ccs\tools\compiler\ti-cgt-armllvm_4.0.3.LTS\lib\armv6m-ti-none-eabi\c\</path>
         <kind>archive</kind>
         <file>libc.a</file>
         <name>memcpy16.S.obj</name>
      </input_file>
      <input_file id="fl-129">
         <path>D:\TI_MSP\ccs\tools\compiler\ti-cgt-armllvm_4.0.3.LTS\lib\armv6m-ti-none-eabi\c\</path>
         <kind>archive</kind>
         <file>libc.a</file>
         <name>memset16.S.obj</name>
      </input_file>
      <input_file id="fl-12a">
         <path>D:\TI_MSP\ccs\tools\compiler\ti-cgt-armllvm_4.0.3.LTS\lib\armv6m-ti-none-eabi\c\</path>
         <kind>archive</kind>
         <file>libc.a</file>
         <name>strcmp-armv6m.S.obj</name>
      </input_file>
   </input_file_list>
   <object_component_list>
      <object_component id="oc-18">
         <name>.intvecs</name>
         <load_address>0x0</load_address>
         <readonly>true</readonly>
         <run_address>0x0</run_address>
         <size>0xc0</size>
         <alignment>0x4</alignment>
         <input_file_ref idref="fl-3"/>
      </object_component>
      <object_component id="oc-108">
         <name>.text.Follow_Line</name>
         <load_address>0xc0</load_address>
         <readonly>true</readonly>
         <executable>true</executable>
         <run_address>0xc0</run_address>
         <size>0x3e8</size>
         <alignment>0x4</alignment>
         <input_file_ref idref="fl-1"/>
      </object_component>
      <object_component id="oc-fe">
         <name>.text.Stepper_PD_Control</name>
         <load_address>0x4a8</load_address>
         <readonly>true</readonly>
         <executable>true</executable>
         <run_address>0x4a8</run_address>
         <size>0x3d8</size>
         <alignment>0x4</alignment>
         <input_file_ref idref="fl-1"/>
      </object_component>
      <object_component id="oc-8f">
         <name>.text.main</name>
         <load_address>0x880</load_address>
         <readonly>true</readonly>
         <executable>true</executable>
         <run_address>0x880</run_address>
         <size>0x368</size>
         <alignment>0x4</alignment>
         <input_file_ref idref="fl-1"/>
      </object_component>
      <object_component id="oc-b7">
         <name>.text.asin</name>
         <load_address>0xbe8</load_address>
         <readonly>true</readonly>
         <executable>true</executable>
         <run_address>0xbe8</run_address>
         <size>0x364</size>
         <alignment>0x4</alignment>
         <input_file_ref idref="fl-38"/>
      </object_component>
      <object_component id="oc-165">
         <name>.text.atan</name>
         <load_address>0xf4c</load_address>
         <readonly>true</readonly>
         <executable>true</executable>
         <run_address>0xf4c</run_address>
         <size>0x2f8</size>
         <alignment>0x4</alignment>
         <input_file_ref idref="fl-3b"/>
      </object_component>
      <object_component id="oc-283">
         <name>.text:__TI_printfi_minimal</name>
         <load_address>0x1244</load_address>
         <readonly>true</readonly>
         <executable>true</executable>
         <run_address>0x1244</run_address>
         <size>0x284</size>
         <alignment>0x4</alignment>
         <input_file_ref idref="fl-49"/>
      </object_component>
      <object_component id="oc-19a">
         <name>.text.dmp_enable_feature</name>
         <load_address>0x14c8</load_address>
         <readonly>true</readonly>
         <executable>true</executable>
         <run_address>0x14c8</run_address>
         <size>0x278</size>
         <alignment>0x4</alignment>
         <input_file_ref idref="fl-5"/>
      </object_component>
      <object_component id="oc-275">
         <name>.text.dmp_set_tap_thresh</name>
         <load_address>0x1740</load_address>
         <readonly>true</readonly>
         <executable>true</executable>
         <run_address>0x1740</run_address>
         <size>0x238</size>
         <alignment>0x4</alignment>
         <input_file_ref idref="fl-5"/>
      </object_component>
      <object_component id="oc-6a">
         <name>.text.Read_Quad</name>
         <load_address>0x1978</load_address>
         <readonly>true</readonly>
         <executable>true</executable>
         <run_address>0x1978</run_address>
         <size>0x22c</size>
         <alignment>0x4</alignment>
         <input_file_ref idref="fl-6"/>
      </object_component>
      <object_component id="oc-13c">
         <name>.text.mpu_reset_fifo</name>
         <load_address>0x1ba4</load_address>
         <readonly>true</readonly>
         <executable>true</executable>
         <run_address>0x1ba4</run_address>
         <size>0x22c</size>
         <alignment>0x4</alignment>
         <input_file_ref idref="fl-4"/>
      </object_component>
      <object_component id="oc-176">
         <name>.text.SYSCFG_DL_GPIO_init</name>
         <load_address>0x1dd0</load_address>
         <readonly>true</readonly>
         <executable>true</executable>
         <run_address>0x1dd0</run_address>
         <size>0x228</size>
         <alignment>0x4</alignment>
         <input_file_ref idref="fl-2"/>
      </object_component>
      <object_component id="oc-9e">
         <name>.text.dmp_read_fifo</name>
         <load_address>0x1ff8</load_address>
         <readonly>true</readonly>
         <executable>true</executable>
         <run_address>0x1ff8</run_address>
         <size>0x1f4</size>
         <alignment>0x4</alignment>
         <input_file_ref idref="fl-5"/>
      </object_component>
      <object_component id="oc-26c">
         <name>.text.mpu_set_bypass</name>
         <load_address>0x21ec</load_address>
         <readonly>true</readonly>
         <executable>true</executable>
         <run_address>0x21ec</run_address>
         <size>0x1a0</size>
         <alignment>0x4</alignment>
         <input_file_ref idref="fl-4"/>
      </object_component>
      <object_component id="oc-150">
         <name>.text.adddf3_subdf3</name>
         <load_address>0x238c</load_address>
         <readonly>true</readonly>
         <executable>true</executable>
         <run_address>0x238c</run_address>
         <size>0x192</size>
         <alignment>0x4</alignment>
         <input_file_ref idref="fl-10b"/>
      </object_component>
      <object_component id="oc-3b">
         <name>.text.TIMG0_IRQHandler</name>
         <load_address>0x251e</load_address>
         <readonly>true</readonly>
         <executable>true</executable>
         <run_address>0x251e</run_address>
         <size>0x2</size>
         <alignment>0x2</alignment>
         <input_file_ref idref="fl-9"/>
      </object_component>
      <object_component id="oc-c5">
         <name>.text.atan2</name>
         <load_address>0x2520</load_address>
         <readonly>true</readonly>
         <executable>true</executable>
         <run_address>0x2520</run_address>
         <size>0x188</size>
         <alignment>0x4</alignment>
         <input_file_ref idref="fl-39"/>
      </object_component>
      <object_component id="oc-197">
         <name>.text.dmp_set_orientation</name>
         <load_address>0x26a8</load_address>
         <readonly>true</readonly>
         <executable>true</executable>
         <run_address>0x26a8</run_address>
         <size>0x178</size>
         <alignment>0x4</alignment>
         <input_file_ref idref="fl-5"/>
      </object_component>
      <object_component id="oc-156">
         <name>.text.sqrt</name>
         <load_address>0x2820</load_address>
         <readonly>true</readonly>
         <executable>true</executable>
         <run_address>0x2820</run_address>
         <size>0x170</size>
         <alignment>0x4</alignment>
         <input_file_ref idref="fl-3a"/>
      </object_component>
      <object_component id="oc-e5">
         <name>.text.MPU6050_Init</name>
         <load_address>0x2990</load_address>
         <readonly>true</readonly>
         <executable>true</executable>
         <run_address>0x2990</run_address>
         <size>0x144</size>
         <alignment>0x4</alignment>
         <input_file_ref idref="fl-6"/>
      </object_component>
      <object_component id="oc-1e8">
         <name>.text.mspm0_i2c_read</name>
         <load_address>0x2ad4</load_address>
         <readonly>true</readonly>
         <executable>true</executable>
         <run_address>0x2ad4</run_address>
         <size>0x134</size>
         <alignment>0x4</alignment>
         <input_file_ref idref="fl-7"/>
      </object_component>
      <object_component id="oc-18f">
         <name>.text.mpu_set_sensors</name>
         <load_address>0x2c08</load_address>
         <readonly>true</readonly>
         <executable>true</executable>
         <run_address>0x2c08</run_address>
         <size>0x130</size>
         <alignment>0x4</alignment>
         <input_file_ref idref="fl-4"/>
      </object_component>
      <object_component id="oc-18e">
         <name>.text.mpu_init</name>
         <load_address>0x2d38</load_address>
         <readonly>true</readonly>
         <executable>true</executable>
         <run_address>0x2d38</run_address>
         <size>0x128</size>
         <alignment>0x4</alignment>
         <input_file_ref idref="fl-4"/>
      </object_component>
      <object_component id="oc-270">
         <name>.text.mpu_load_firmware</name>
         <load_address>0x2e60</load_address>
         <readonly>true</readonly>
         <executable>true</executable>
         <run_address>0x2e60</run_address>
         <size>0x124</size>
         <alignment>0x4</alignment>
         <input_file_ref idref="fl-4"/>
      </object_component>
      <object_component id="oc-1ab">
         <name>.text.OLED_ShowChar</name>
         <load_address>0x2f84</load_address>
         <readonly>true</readonly>
         <executable>true</executable>
         <run_address>0x2f84</run_address>
         <size>0x118</size>
         <alignment>0x4</alignment>
         <input_file_ref idref="fl-b"/>
      </object_component>
      <object_component id="oc-15d">
         <name>.text.__divdf3</name>
         <load_address>0x309c</load_address>
         <readonly>true</readonly>
         <executable>true</executable>
         <run_address>0x309c</run_address>
         <size>0x10c</size>
         <alignment>0x4</alignment>
         <input_file_ref idref="fl-110"/>
      </object_component>
      <object_component id="oc-137">
         <name>.text.mpu_read_fifo_stream</name>
         <load_address>0x31a8</load_address>
         <readonly>true</readonly>
         <executable>true</executable>
         <run_address>0x31a8</run_address>
         <size>0x108</size>
         <alignment>0x4</alignment>
         <input_file_ref idref="fl-4"/>
      </object_component>
      <object_component id="oc-22d">
         <name>.text.DL_Timer_initFourCCPWMMode</name>
         <load_address>0x32b0</load_address>
         <readonly>true</readonly>
         <executable>true</executable>
         <run_address>0x32b0</run_address>
         <size>0x104</size>
         <alignment>0x4</alignment>
         <input_file_ref idref="fl-1e"/>
      </object_component>
      <object_component id="oc-26f">
         <name>.text.mpu_lp_accel_mode</name>
         <load_address>0x33b4</load_address>
         <readonly>true</readonly>
         <executable>true</executable>
         <run_address>0x33b4</run_address>
         <size>0x100</size>
         <alignment>0x4</alignment>
         <input_file_ref idref="fl-4"/>
      </object_component>
      <object_component id="oc-e6">
         <name>.text.OLED_Init</name>
         <load_address>0x34b4</load_address>
         <readonly>true</readonly>
         <executable>true</executable>
         <run_address>0x34b4</run_address>
         <size>0xfa</size>
         <alignment>0x2</alignment>
         <input_file_ref idref="fl-b"/>
      </object_component>
      <object_component id="oc-1d5">
         <name>.text.OLED_ShowNum</name>
         <load_address>0x35ae</load_address>
         <readonly>true</readonly>
         <executable>true</executable>
         <run_address>0x35ae</run_address>
         <size>0xf6</size>
         <alignment>0x2</alignment>
         <input_file_ref idref="fl-b"/>
      </object_component>
      <object_component id="oc-191">
         <name>.text.mpu_set_sample_rate</name>
         <load_address>0x36a4</load_address>
         <readonly>true</readonly>
         <executable>true</executable>
         <run_address>0x36a4</run_address>
         <size>0xec</size>
         <alignment>0x4</alignment>
         <input_file_ref idref="fl-4"/>
      </object_component>
      <object_component id="oc-23b">
         <name>.text.DL_Timer_initTimerMode</name>
         <load_address>0x3790</load_address>
         <readonly>true</readonly>
         <executable>true</executable>
         <run_address>0x3790</run_address>
         <size>0xe8</size>
         <alignment>0x4</alignment>
         <input_file_ref idref="fl-1e"/>
      </object_component>
      <object_component id="oc-bd">
         <name>.text.__muldf3</name>
         <load_address>0x3878</load_address>
         <readonly>true</readonly>
         <executable>true</executable>
         <run_address>0x3878</run_address>
         <size>0xe4</size>
         <alignment>0x4</alignment>
         <input_file_ref idref="fl-10c"/>
      </object_component>
      <object_component id="oc-26a">
         <name>.text.mpu_set_accel_fsr</name>
         <load_address>0x395c</load_address>
         <readonly>true</readonly>
         <executable>true</executable>
         <run_address>0x395c</run_address>
         <size>0xe4</size>
         <alignment>0x4</alignment>
         <input_file_ref idref="fl-4"/>
      </object_component>
      <object_component id="oc-3a">
         <name>.text.UART0_IRQHandler</name>
         <load_address>0x3a40</load_address>
         <readonly>true</readonly>
         <executable>true</executable>
         <run_address>0x3a40</run_address>
         <size>0xe0</size>
         <alignment>0x4</alignment>
         <input_file_ref idref="fl-1"/>
      </object_component>
      <object_component id="oc-21d">
         <name>.text.DL_SYSCTL_configSYSPLL</name>
         <load_address>0x3b20</load_address>
         <readonly>true</readonly>
         <executable>true</executable>
         <run_address>0x3b20</run_address>
         <size>0xdc</size>
         <alignment>0x4</alignment>
         <input_file_ref idref="fl-20"/>
      </object_component>
      <object_component id="oc-af">
         <name>.text</name>
         <load_address>0x3bfc</load_address>
         <readonly>true</readonly>
         <executable>true</executable>
         <run_address>0x3bfc</run_address>
         <size>0xd8</size>
         <alignment>0x4</alignment>
         <input_file_ref idref="fl-10a"/>
      </object_component>
      <object_component id="oc-26e">
         <name>.text.set_int_enable</name>
         <load_address>0x3cd4</load_address>
         <readonly>true</readonly>
         <executable>true</executable>
         <run_address>0x3cd4</run_address>
         <size>0xd4</size>
         <alignment>0x4</alignment>
         <input_file_ref idref="fl-4"/>
      </object_component>
      <object_component id="oc-26b">
         <name>.text.mpu_set_lpf</name>
         <load_address>0x3da8</load_address>
         <readonly>true</readonly>
         <executable>true</executable>
         <run_address>0x3da8</run_address>
         <size>0xd0</size>
         <alignment>0x4</alignment>
         <input_file_ref idref="fl-4"/>
      </object_component>
      <object_component id="oc-269">
         <name>.text.mpu_set_gyro_fsr</name>
         <load_address>0x3e78</load_address>
         <readonly>true</readonly>
         <executable>true</executable>
         <run_address>0x3e78</run_address>
         <size>0xc4</size>
         <alignment>0x4</alignment>
         <input_file_ref idref="fl-4"/>
      </object_component>
      <object_component id="oc-1f0">
         <name>.text.mspm0_i2c_write</name>
         <load_address>0x3f3c</load_address>
         <readonly>true</readonly>
         <executable>true</executable>
         <run_address>0x3f3c</run_address>
         <size>0xc4</size>
         <alignment>0x4</alignment>
         <input_file_ref idref="fl-7"/>
      </object_component>
      <object_component id="oc-190">
         <name>.text.mpu_configure_fifo</name>
         <load_address>0x4000</load_address>
         <readonly>true</readonly>
         <executable>true</executable>
         <run_address>0x4000</run_address>
         <size>0xbc</size>
         <alignment>0x4</alignment>
         <input_file_ref idref="fl-4"/>
      </object_component>
      <object_component id="oc-19c">
         <name>.text.mpu_set_dmp_state</name>
         <load_address>0x40bc</load_address>
         <readonly>true</readonly>
         <executable>true</executable>
         <run_address>0x40bc</run_address>
         <size>0xb8</size>
         <alignment>0x4</alignment>
         <input_file_ref idref="fl-4"/>
      </object_component>
      <object_component id="oc-175">
         <name>.text.SYSCFG_DL_initPower</name>
         <load_address>0x4174</load_address>
         <readonly>true</readonly>
         <executable>true</executable>
         <run_address>0x4174</run_address>
         <size>0xb0</size>
         <alignment>0x4</alignment>
         <input_file_ref idref="fl-2"/>
      </object_component>
      <object_component id="oc-2e1">
         <name>.text.mpu_read_mem</name>
         <load_address>0x4224</load_address>
         <readonly>true</readonly>
         <executable>true</executable>
         <run_address>0x4224</run_address>
         <size>0xac</size>
         <alignment>0x4</alignment>
         <input_file_ref idref="fl-4"/>
      </object_component>
      <object_component id="oc-273">
         <name>.text.mpu_write_mem</name>
         <load_address>0x42d0</load_address>
         <readonly>true</readonly>
         <executable>true</executable>
         <run_address>0x42d0</run_address>
         <size>0xac</size>
         <alignment>0x4</alignment>
         <input_file_ref idref="fl-4"/>
      </object_component>
      <object_component id="oc-39">
         <name>.text.GROUP1_IRQHandler</name>
         <load_address>0x437c</load_address>
         <readonly>true</readonly>
         <executable>true</executable>
         <run_address>0x437c</run_address>
         <size>0xa8</size>
         <alignment>0x4</alignment>
         <input_file_ref idref="fl-9"/>
      </object_component>
      <object_component id="oc-1ae">
         <name>.text.Stepper_RunX</name>
         <load_address>0x4424</load_address>
         <readonly>true</readonly>
         <executable>true</executable>
         <run_address>0x4424</run_address>
         <size>0xa8</size>
         <alignment>0x4</alignment>
         <input_file_ref idref="fl-c"/>
      </object_component>
      <object_component id="oc-1af">
         <name>.text.Stepper_RunY</name>
         <load_address>0x44cc</load_address>
         <readonly>true</readonly>
         <executable>true</executable>
         <run_address>0x44cc</run_address>
         <size>0xa8</size>
         <alignment>0x4</alignment>
         <input_file_ref idref="fl-c"/>
      </object_component>
      <object_component id="oc-26d">
         <name>.text.mpu_set_int_latched</name>
         <load_address>0x4574</load_address>
         <readonly>true</readonly>
         <executable>true</executable>
         <run_address>0x4574</run_address>
         <size>0x9c</size>
         <alignment>0x4</alignment>
         <input_file_ref idref="fl-4"/>
      </object_component>
      <object_component id="oc-19b">
         <name>.text.dmp_set_fifo_rate</name>
         <load_address>0x4610</load_address>
         <readonly>true</readonly>
         <executable>true</executable>
         <run_address>0x4610</run_address>
         <size>0x98</size>
         <alignment>0x4</alignment>
         <input_file_ref idref="fl-5"/>
      </object_component>
      <object_component id="oc-272">
         <name>.text.inv_row_2_scale</name>
         <load_address>0x46a8</load_address>
         <readonly>true</readonly>
         <executable>true</executable>
         <run_address>0x46a8</run_address>
         <size>0x96</size>
         <alignment>0x2</alignment>
         <input_file_ref idref="fl-6"/>
      </object_component>
      <object_component id="oc-2c1">
         <name>.text.__aeabi_idiv0</name>
         <load_address>0x473e</load_address>
         <readonly>true</readonly>
         <executable>true</executable>
         <run_address>0x473e</run_address>
         <size>0x2</size>
         <alignment>0x2</alignment>
         <input_file_ref idref="fl-126"/>
      </object_component>
      <object_component id="oc-178">
         <name>.text.SYSCFG_DL_PWM_Motor_init</name>
         <load_address>0x4740</load_address>
         <readonly>true</readonly>
         <executable>true</executable>
         <run_address>0x4740</run_address>
         <size>0x90</size>
         <alignment>0x4</alignment>
         <input_file_ref idref="fl-2"/>
      </object_component>
      <object_component id="oc-1d4">
         <name>.text.Set_MotorSpeed_R</name>
         <load_address>0x47d0</load_address>
         <readonly>true</readonly>
         <executable>true</executable>
         <run_address>0x47d0</run_address>
         <size>0x8c</size>
         <alignment>0x4</alignment>
         <input_file_ref idref="fl-a"/>
      </object_component>
      <object_component id="oc-ab">
         <name>.text.__mulsf3</name>
         <load_address>0x485c</load_address>
         <readonly>true</readonly>
         <executable>true</executable>
         <run_address>0x485c</run_address>
         <size>0x8c</size>
         <alignment>0x4</alignment>
         <input_file_ref idref="fl-10e"/>
      </object_component>
      <object_component id="oc-13d">
         <name>.text.decode_gesture</name>
         <load_address>0x48e8</load_address>
         <readonly>true</readonly>
         <executable>true</executable>
         <run_address>0x48e8</run_address>
         <size>0x8c</size>
         <alignment>0x4</alignment>
         <input_file_ref idref="fl-5"/>
      </object_component>
      <object_component id="oc-187">
         <name>.text.__NVIC_SetPriority</name>
         <load_address>0x4974</load_address>
         <readonly>true</readonly>
         <executable>true</executable>
         <run_address>0x4974</run_address>
         <size>0x84</size>
         <alignment>0x4</alignment>
         <input_file_ref idref="fl-8"/>
      </object_component>
      <object_component id="oc-225">
         <name>.text.__NVIC_SetPriority</name>
         <load_address>0x49f8</load_address>
         <readonly>true</readonly>
         <executable>true</executable>
         <run_address>0x49f8</run_address>
         <size>0x84</size>
         <alignment>0x4</alignment>
         <input_file_ref idref="fl-2"/>
      </object_component>
      <object_component id="oc-a7">
         <name>.text.__divsf3</name>
         <load_address>0x4a7c</load_address>
         <readonly>true</readonly>
         <executable>true</executable>
         <run_address>0x4a7c</run_address>
         <size>0x82</size>
         <alignment>0x4</alignment>
         <input_file_ref idref="fl-10f"/>
      </object_component>
      <object_component id="oc-1cf">
         <name>.text.Set_MotorSpeed_L</name>
         <load_address>0x4b00</load_address>
         <readonly>true</readonly>
         <executable>true</executable>
         <run_address>0x4b00</run_address>
         <size>0x80</size>
         <alignment>0x4</alignment>
         <input_file_ref idref="fl-a"/>
      </object_component>
      <object_component id="oc-1c">
         <name>.text:decompress:lzss</name>
         <load_address>0x4b80</load_address>
         <readonly>true</readonly>
         <executable>true</executable>
         <run_address>0x4b80</run_address>
         <size>0x7c</size>
         <alignment>0x4</alignment>
         <input_file_ref idref="fl-48"/>
      </object_component>
      <object_component id="oc-fd">
         <name>.text.GetKeyNum</name>
         <load_address>0x4bfc</load_address>
         <readonly>true</readonly>
         <executable>true</executable>
         <run_address>0x4bfc</run_address>
         <size>0x78</size>
         <alignment>0x4</alignment>
         <input_file_ref idref="fl-1"/>
      </object_component>
      <object_component id="oc-17e">
         <name>.text.SYSCFG_DL_UART_0_init</name>
         <load_address>0x4c74</load_address>
         <readonly>true</readonly>
         <executable>true</executable>
         <run_address>0x4c74</run_address>
         <size>0x74</size>
         <alignment>0x4</alignment>
         <input_file_ref idref="fl-2"/>
      </object_component>
      <object_component id="oc-280">
         <name>.text.Send_Byte</name>
         <load_address>0x4ce8</load_address>
         <readonly>true</readonly>
         <executable>true</executable>
         <run_address>0x4ce8</run_address>
         <size>0x74</size>
         <alignment>0x4</alignment>
         <input_file_ref idref="fl-b"/>
      </object_component>
      <object_component id="oc-1ca">
         <name>.text.__gedf2</name>
         <load_address>0x4d5c</load_address>
         <readonly>true</readonly>
         <executable>true</executable>
         <run_address>0x4d5c</run_address>
         <size>0x74</size>
         <alignment>0x4</alignment>
         <input_file_ref idref="fl-124"/>
      </object_component>
      <object_component id="oc-c1">
         <name>.text.__truncdfsf2</name>
         <load_address>0x4dd0</load_address>
         <readonly>true</readonly>
         <executable>true</executable>
         <run_address>0x4dd0</run_address>
         <size>0x74</size>
         <alignment>0x10</alignment>
         <input_file_ref idref="fl-118"/>
      </object_component>
      <object_component id="oc-194">
         <name>.text.mpu_get_accel_fsr</name>
         <load_address>0x4e44</load_address>
         <readonly>true</readonly>
         <executable>true</executable>
         <run_address>0x4e44</run_address>
         <size>0x74</size>
         <alignment>0x4</alignment>
         <input_file_ref idref="fl-4"/>
      </object_component>
      <object_component id="oc-f2">
         <name>.text.OLED_ShowString</name>
         <load_address>0x4eb8</load_address>
         <readonly>true</readonly>
         <executable>true</executable>
         <run_address>0x4eb8</run_address>
         <size>0x70</size>
         <alignment>0x2</alignment>
         <input_file_ref idref="fl-b"/>
      </object_component>
      <object_component id="oc-17a">
         <name>.text.SYSCFG_DL_Stepper_X_init</name>
         <load_address>0x4f28</load_address>
         <readonly>true</readonly>
         <executable>true</executable>
         <run_address>0x4f28</run_address>
         <size>0x6c</size>
         <alignment>0x4</alignment>
         <input_file_ref idref="fl-2"/>
      </object_component>
      <object_component id="oc-179">
         <name>.text.SYSCFG_DL_Stepper_Y_init</name>
         <load_address>0x4f94</load_address>
         <readonly>true</readonly>
         <executable>true</executable>
         <run_address>0x4f94</run_address>
         <size>0x6c</size>
         <alignment>0x4</alignment>
         <input_file_ref idref="fl-2"/>
      </object_component>
      <object_component id="oc-f4">
         <name>.text.OLED_Clear</name>
         <load_address>0x5000</load_address>
         <readonly>true</readonly>
         <executable>true</executable>
         <run_address>0x5000</run_address>
         <size>0x6a</size>
         <alignment>0x2</alignment>
         <input_file_ref idref="fl-b"/>
      </object_component>
      <object_component id="oc-1c4">
         <name>.text.__ledf2</name>
         <load_address>0x506c</load_address>
         <readonly>true</readonly>
         <executable>true</executable>
         <run_address>0x506c</run_address>
         <size>0x68</size>
         <alignment>0x4</alignment>
         <input_file_ref idref="fl-124"/>
      </object_component>
      <object_component id="oc-276">
         <name>.text.dmp_set_tap_axes</name>
         <load_address>0x50d4</load_address>
         <readonly>true</readonly>
         <executable>true</executable>
         <run_address>0x50d4</run_address>
         <size>0x66</size>
         <alignment>0x2</alignment>
         <input_file_ref idref="fl-5"/>
      </object_component>
      <object_component id="oc-ff">
         <name>.text.__aeabi_dcmp</name>
         <load_address>0x513c</load_address>
         <readonly>true</readonly>
         <executable>true</executable>
         <run_address>0x513c</run_address>
         <size>0x62</size>
         <alignment>0x4</alignment>
         <input_file_ref idref="fl-119"/>
      </object_component>
      <object_component id="oc-1b0">
         <name>.text.__aeabi_fcmp</name>
         <load_address>0x51a0</load_address>
         <readonly>true</readonly>
         <executable>true</executable>
         <run_address>0x51a0</run_address>
         <size>0x62</size>
         <alignment>0x4</alignment>
         <input_file_ref idref="fl-11a"/>
      </object_component>
      <object_component id="oc-274">
         <name>.text.dmp_enable_gyro_cal</name>
         <load_address>0x5204</load_address>
         <readonly>true</readonly>
         <executable>true</executable>
         <run_address>0x5204</run_address>
         <size>0x60</size>
         <alignment>0x4</alignment>
         <input_file_ref idref="fl-5"/>
      </object_component>
      <object_component id="oc-189">
         <name>.text.mpu6050_i2c_sda_unlock</name>
         <load_address>0x5264</load_address>
         <readonly>true</readonly>
         <executable>true</executable>
         <run_address>0x5264</run_address>
         <size>0x60</size>
         <alignment>0x4</alignment>
         <input_file_ref idref="fl-7"/>
      </object_component>
      <object_component id="oc-193">
         <name>.text.mpu_get_gyro_fsr</name>
         <load_address>0x52c4</load_address>
         <readonly>true</readonly>
         <executable>true</executable>
         <run_address>0x52c4</run_address>
         <size>0x60</size>
         <alignment>0x4</alignment>
         <input_file_ref idref="fl-4"/>
      </object_component>
      <object_component id="oc-2ca">
         <name>.text.DL_I2C_fillControllerTXFIFO</name>
         <load_address>0x5324</load_address>
         <readonly>true</readonly>
         <executable>true</executable>
         <run_address>0x5324</run_address>
         <size>0x5e</size>
         <alignment>0x2</alignment>
         <input_file_ref idref="fl-1d"/>
      </object_component>
      <object_component id="oc-266">
         <name>.text.mspm0_i2c_enable</name>
         <load_address>0x5384</load_address>
         <readonly>true</readonly>
         <executable>true</executable>
         <run_address>0x5384</run_address>
         <size>0x5c</size>
         <alignment>0x4</alignment>
         <input_file_ref idref="fl-7"/>
      </object_component>
      <object_component id="oc-17d">
         <name>.text.SYSCFG_DL_I2C_MPU6050_init</name>
         <load_address>0x53e0</load_address>
         <readonly>true</readonly>
         <executable>true</executable>
         <run_address>0x53e0</run_address>
         <size>0x58</size>
         <alignment>0x4</alignment>
         <input_file_ref idref="fl-2"/>
      </object_component>
      <object_component id="oc-de">
         <name>.text.SYSCFG_DL_init</name>
         <load_address>0x5438</load_address>
         <readonly>true</readonly>
         <executable>true</executable>
         <run_address>0x5438</run_address>
         <size>0x58</size>
         <alignment>0x4</alignment>
         <input_file_ref idref="fl-2"/>
      </object_component>
      <object_component id="oc-28e">
         <name>.text.__aeabi_idivmod</name>
         <load_address>0x5490</load_address>
         <readonly>true</readonly>
         <executable>true</executable>
         <run_address>0x5490</run_address>
         <size>0x56</size>
         <alignment>0x4</alignment>
         <input_file_ref idref="fl-11b"/>
      </object_component>
      <object_component id="oc-2bc">
         <name>.text.DL_I2C_startControllerTransfer</name>
         <load_address>0x54e8</load_address>
         <readonly>true</readonly>
         <executable>true</executable>
         <run_address>0x54e8</run_address>
         <size>0x50</size>
         <alignment>0x4</alignment>
         <input_file_ref idref="fl-7"/>
      </object_component>
      <object_component id="oc-186">
         <name>.text.SysTick_Config</name>
         <load_address>0x5538</load_address>
         <readonly>true</readonly>
         <executable>true</executable>
         <run_address>0x5538</run_address>
         <size>0x50</size>
         <alignment>0x4</alignment>
         <input_file_ref idref="fl-8"/>
      </object_component>
      <object_component id="oc-1a3">
         <name>.text.OLED_WR_Byte</name>
         <load_address>0x5588</load_address>
         <readonly>true</readonly>
         <executable>true</executable>
         <run_address>0x5588</run_address>
         <size>0x4e</size>
         <alignment>0x2</alignment>
         <input_file_ref idref="fl-b"/>
      </object_component>
      <object_component id="oc-2d5">
         <name>.text.DL_DMA_initChannel</name>
         <load_address>0x55d8</load_address>
         <readonly>true</readonly>
         <executable>true</executable>
         <run_address>0x55d8</run_address>
         <size>0x4c</size>
         <alignment>0x4</alignment>
         <input_file_ref idref="fl-1c"/>
      </object_component>
      <object_component id="oc-257">
         <name>.text.DL_UART_setBaudRateDivisor</name>
         <load_address>0x5624</load_address>
         <readonly>true</readonly>
         <executable>true</executable>
         <run_address>0x5624</run_address>
         <size>0x4c</size>
         <alignment>0x4</alignment>
         <input_file_ref idref="fl-2"/>
      </object_component>
      <object_component id="oc-296">
         <name>.text.__fixdfsi</name>
         <load_address>0x5670</load_address>
         <readonly>true</readonly>
         <executable>true</executable>
         <run_address>0x5670</run_address>
         <size>0x4a</size>
         <alignment>0x4</alignment>
         <input_file_ref idref="fl-112"/>
      </object_component>
      <object_component id="oc-255">
         <name>.text.DL_UART_init</name>
         <load_address>0x56bc</load_address>
         <readonly>true</readonly>
         <executable>true</executable>
         <run_address>0x56bc</run_address>
         <size>0x48</size>
         <alignment>0x4</alignment>
         <input_file_ref idref="fl-1f"/>
      </object_component>
      <object_component id="oc-177">
         <name>.text.SYSCFG_DL_SYSCTL_init</name>
         <load_address>0x5704</load_address>
         <readonly>true</readonly>
         <executable>true</executable>
         <run_address>0x5704</run_address>
         <size>0x48</size>
         <alignment>0x4</alignment>
         <input_file_ref idref="fl-2"/>
      </object_component>
      <object_component id="oc-27e">
         <name>.text.dmp_enable_6x_lp_quat</name>
         <load_address>0x574c</load_address>
         <readonly>true</readonly>
         <executable>true</executable>
         <run_address>0x574c</run_address>
         <size>0x48</size>
         <alignment>0x4</alignment>
         <input_file_ref idref="fl-5"/>
      </object_component>
      <object_component id="oc-27d">
         <name>.text.dmp_enable_lp_quat</name>
         <load_address>0x5794</load_address>
         <readonly>true</readonly>
         <executable>true</executable>
         <run_address>0x5794</run_address>
         <size>0x48</size>
         <alignment>0x4</alignment>
         <input_file_ref idref="fl-5"/>
      </object_component>
      <object_component id="oc-224">
         <name>.text.DL_SYSCTL_switchMCLKfromSYSOSCtoHSCLK</name>
         <load_address>0x57dc</load_address>
         <readonly>true</readonly>
         <executable>true</executable>
         <run_address>0x57dc</run_address>
         <size>0x44</size>
         <alignment>0x4</alignment>
         <input_file_ref idref="fl-20"/>
      </object_component>
      <object_component id="oc-27a">
         <name>.text.dmp_set_shake_reject_thresh</name>
         <load_address>0x5820</load_address>
         <readonly>true</readonly>
         <executable>true</executable>
         <run_address>0x5820</run_address>
         <size>0x44</size>
         <alignment>0x2</alignment>
         <input_file_ref idref="fl-5"/>
      </object_component>
      <object_component id="oc-277">
         <name>.text.dmp_set_tap_count</name>
         <load_address>0x5864</load_address>
         <readonly>true</readonly>
         <executable>true</executable>
         <run_address>0x5864</run_address>
         <size>0x44</size>
         <alignment>0x2</alignment>
         <input_file_ref idref="fl-5"/>
      </object_component>
      <object_component id="oc-262">
         <name>.text.mspm0_i2c_disable</name>
         <load_address>0x58a8</load_address>
         <readonly>true</readonly>
         <executable>true</executable>
         <run_address>0x58a8</run_address>
         <size>0x44</size>
         <alignment>0x4</alignment>
         <input_file_ref idref="fl-7"/>
      </object_component>
      <object_component id="oc-1e9">
         <name>.text.__aeabi_uidivmod</name>
         <load_address>0x58ec</load_address>
         <readonly>true</readonly>
         <executable>true</executable>
         <run_address>0x58ec</run_address>
         <size>0x40</size>
         <alignment>0x4</alignment>
         <input_file_ref idref="fl-11f"/>
      </object_component>
      <object_component id="oc-b3">
         <name>.text.__extendsfdf2</name>
         <load_address>0x592c</load_address>
         <readonly>true</readonly>
         <executable>true</executable>
         <run_address>0x592c</run_address>
         <size>0x40</size>
         <alignment>0x4</alignment>
         <input_file_ref idref="fl-111"/>
      </object_component>
      <object_component id="oc-196">
         <name>.text.inv_orientation_matrix_to_scalar</name>
         <load_address>0x596c</load_address>
         <readonly>true</readonly>
         <executable>true</executable>
         <run_address>0x596c</run_address>
         <size>0x3e</size>
         <alignment>0x2</alignment>
         <input_file_ref idref="fl-6"/>
      </object_component>
      <object_component id="oc-2de">
         <name>.text.DL_GPIO_initPeripheralInputFunctionFeatures</name>
         <load_address>0x59ac</load_address>
         <readonly>true</readonly>
         <executable>true</executable>
         <run_address>0x59ac</run_address>
         <size>0x3c</size>
         <alignment>0x4</alignment>
         <input_file_ref idref="fl-7"/>
      </object_component>
      <object_component id="oc-20d">
         <name>.text.DL_GPIO_initPeripheralInputFunctionFeatures</name>
         <load_address>0x59e8</load_address>
         <readonly>true</readonly>
         <executable>true</executable>
         <run_address>0x59e8</run_address>
         <size>0x3c</size>
         <alignment>0x4</alignment>
         <input_file_ref idref="fl-2"/>
      </object_component>
      <object_component id="oc-2c0">
         <name>.text.DL_I2C_flushControllerTXFIFO</name>
         <load_address>0x5a24</load_address>
         <readonly>true</readonly>
         <executable>true</executable>
         <run_address>0x5a24</run_address>
         <size>0x3c</size>
         <alignment>0x4</alignment>
         <input_file_ref idref="fl-1d"/>
      </object_component>
      <object_component id="oc-22e">
         <name>.text.DL_Timer_setCounterControl</name>
         <load_address>0x5a60</load_address>
         <readonly>true</readonly>
         <executable>true</executable>
         <run_address>0x5a60</run_address>
         <size>0x3c</size>
         <alignment>0x4</alignment>
         <input_file_ref idref="fl-2"/>
      </object_component>
      <object_component id="oc-28b">
         <name>.text.OLED_Set_Pos</name>
         <load_address>0x5a9c</load_address>
         <readonly>true</readonly>
         <executable>true</executable>
         <run_address>0x5a9c</run_address>
         <size>0x3c</size>
         <alignment>0x2</alignment>
         <input_file_ref idref="fl-b"/>
      </object_component>
      <object_component id="oc-a3">
         <name>.text.__floatsisf</name>
         <load_address>0x5ad8</load_address>
         <readonly>true</readonly>
         <executable>true</executable>
         <run_address>0x5ad8</run_address>
         <size>0x3c</size>
         <alignment>0x4</alignment>
         <input_file_ref idref="fl-115"/>
      </object_component>
      <object_component id="oc-2a3">
         <name>.text.__gtsf2</name>
         <load_address>0x5b14</load_address>
         <readonly>true</readonly>
         <executable>true</executable>
         <run_address>0x5b14</run_address>
         <size>0x3c</size>
         <alignment>0x4</alignment>
         <input_file_ref idref="fl-121"/>
      </object_component>
      <object_component id="oc-125">
         <name>.text:__TI_auto_init_nobinit_nopinit</name>
         <load_address>0x5b50</load_address>
         <readonly>true</readonly>
         <executable>true</executable>
         <run_address>0x5b50</run_address>
         <size>0x3c</size>
         <alignment>0x4</alignment>
         <input_file_ref idref="fl-43"/>
      </object_component>
      <object_component id="oc-29e">
         <name>.text.__eqsf2</name>
         <load_address>0x5b8c</load_address>
         <readonly>true</readonly>
         <executable>true</executable>
         <run_address>0x5b8c</run_address>
         <size>0x3a</size>
         <alignment>0x4</alignment>
         <input_file_ref idref="fl-121"/>
      </object_component>
      <object_component id="oc-144">
         <name>.text.__muldsi3</name>
         <load_address>0x5bc8</load_address>
         <readonly>true</readonly>
         <executable>true</executable>
         <run_address>0x5bc8</run_address>
         <size>0x3a</size>
         <alignment>0x4</alignment>
         <input_file_ref idref="fl-10d"/>
      </object_component>
      <object_component id="oc-1b4">
         <name>.text.__fixsfsi</name>
         <load_address>0x5c04</load_address>
         <readonly>true</readonly>
         <executable>true</executable>
         <run_address>0x5c04</run_address>
         <size>0x38</size>
         <alignment>0x4</alignment>
         <input_file_ref idref="fl-113"/>
      </object_component>
      <object_component id="oc-ec">
         <name>.text.sprintf</name>
         <load_address>0x5c3c</load_address>
         <readonly>true</readonly>
         <executable>true</executable>
         <run_address>0x5c3c</run_address>
         <size>0x38</size>
         <alignment>0x4</alignment>
         <input_file_ref idref="fl-37"/>
      </object_component>
      <object_component id="oc-2dc">
         <name>.text.DL_GPIO_initDigitalInputFeatures</name>
         <load_address>0x5c74</load_address>
         <readonly>true</readonly>
         <executable>true</executable>
         <run_address>0x5c74</run_address>
         <size>0x34</size>
         <alignment>0x4</alignment>
         <input_file_ref idref="fl-7"/>
      </object_component>
      <object_component id="oc-210">
         <name>.text.DL_GPIO_initDigitalInputFeatures</name>
         <load_address>0x5ca8</load_address>
         <readonly>true</readonly>
         <executable>true</executable>
         <run_address>0x5ca8</run_address>
         <size>0x34</size>
         <alignment>0x4</alignment>
         <input_file_ref idref="fl-2"/>
      </object_component>
      <object_component id="oc-27f">
         <name>.text.I2C_Start</name>
         <load_address>0x5cdc</load_address>
         <readonly>true</readonly>
         <executable>true</executable>
         <run_address>0x5cdc</run_address>
         <size>0x34</size>
         <alignment>0x4</alignment>
         <input_file_ref idref="fl-b"/>
      </object_component>
      <object_component id="oc-17c">
         <name>.text.SYSCFG_DL_Stepper_Timer_init</name>
         <load_address>0x5d10</load_address>
         <readonly>true</readonly>
         <executable>true</executable>
         <run_address>0x5d10</run_address>
         <size>0x34</size>
         <alignment>0x4</alignment>
         <input_file_ref idref="fl-2"/>
      </object_component>
      <object_component id="oc-192">
         <name>.text.mpu_get_sample_rate</name>
         <load_address>0x5d44</load_address>
         <readonly>true</readonly>
         <executable>true</executable>
         <run_address>0x5d44</run_address>
         <size>0x34</size>
         <alignment>0x4</alignment>
         <input_file_ref idref="fl-4"/>
      </object_component>
      <object_component id="oc-27b">
         <name>.text.dmp_set_shake_reject_time</name>
         <load_address>0x5d78</load_address>
         <readonly>true</readonly>
         <executable>true</executable>
         <run_address>0x5d78</run_address>
         <size>0x32</size>
         <alignment>0x2</alignment>
         <input_file_ref idref="fl-5"/>
      </object_component>
      <object_component id="oc-27c">
         <name>.text.dmp_set_shake_reject_timeout</name>
         <load_address>0x5daa</load_address>
         <readonly>true</readonly>
         <executable>true</executable>
         <run_address>0x5daa</run_address>
         <size>0x32</size>
         <alignment>0x2</alignment>
         <input_file_ref idref="fl-5"/>
      </object_component>
      <object_component id="oc-fa">
         <name>.text.DL_DMA_setTransferSize</name>
         <load_address>0x5ddc</load_address>
         <readonly>true</readonly>
         <executable>true</executable>
         <run_address>0x5ddc</run_address>
         <size>0x30</size>
         <alignment>0x4</alignment>
         <input_file_ref idref="fl-1"/>
      </object_component>
      <object_component id="oc-3c">
         <name>.text.TIMA1_IRQHandler</name>
         <load_address>0x5e0c</load_address>
         <readonly>true</readonly>
         <executable>true</executable>
         <run_address>0x5e0c</run_address>
         <size>0x30</size>
         <alignment>0x4</alignment>
         <input_file_ref idref="fl-c"/>
      </object_component>
      <object_component id="oc-41">
         <name>.text.TIMG7_IRQHandler</name>
         <load_address>0x5e3c</load_address>
         <readonly>true</readonly>
         <executable>true</executable>
         <run_address>0x5e3c</run_address>
         <size>0x30</size>
         <alignment>0x4</alignment>
         <input_file_ref idref="fl-c"/>
      </object_component>
      <object_component id="oc-278">
         <name>.text.dmp_set_tap_time</name>
         <load_address>0x5e6c</load_address>
         <readonly>true</readonly>
         <executable>true</executable>
         <run_address>0x5e6c</run_address>
         <size>0x30</size>
         <alignment>0x2</alignment>
         <input_file_ref idref="fl-5"/>
      </object_component>
      <object_component id="oc-279">
         <name>.text.dmp_set_tap_time_multi</name>
         <load_address>0x5e9c</load_address>
         <readonly>true</readonly>
         <executable>true</executable>
         <run_address>0x5e9c</run_address>
         <size>0x30</size>
         <alignment>0x2</alignment>
         <input_file_ref idref="fl-5"/>
      </object_component>
      <object_component id="oc-1f1">
         <name>.text.mspm0_delay_ms</name>
         <load_address>0x5ecc</load_address>
         <readonly>true</readonly>
         <executable>true</executable>
         <run_address>0x5ecc</run_address>
         <size>0x30</size>
         <alignment>0x4</alignment>
         <input_file_ref idref="fl-8"/>
      </object_component>
      <object_component id="oc-2ad">
         <name>.text.oled_pow</name>
         <load_address>0x5efc</load_address>
         <readonly>true</readonly>
         <executable>true</executable>
         <run_address>0x5efc</run_address>
         <size>0x30</size>
         <alignment>0x2</alignment>
         <input_file_ref idref="fl-b"/>
      </object_component>
      <object_component id="oc-17b">
         <name>.text.SYSCFG_DL_TIMER_0_init</name>
         <load_address>0x5f2c</load_address>
         <readonly>true</readonly>
         <executable>true</executable>
         <run_address>0x5f2c</run_address>
         <size>0x2c</size>
         <alignment>0x4</alignment>
         <input_file_ref idref="fl-2"/>
      </object_component>
      <object_component id="oc-f7">
         <name>.text.__NVIC_ClearPendingIRQ</name>
         <load_address>0x5f58</load_address>
         <readonly>true</readonly>
         <executable>true</executable>
         <run_address>0x5f58</run_address>
         <size>0x2c</size>
         <alignment>0x4</alignment>
         <input_file_ref idref="fl-1"/>
      </object_component>
      <object_component id="oc-1ac">
         <name>.text.__NVIC_EnableIRQ</name>
         <load_address>0x5f84</load_address>
         <readonly>true</readonly>
         <executable>true</executable>
         <run_address>0x5f84</run_address>
         <size>0x2c</size>
         <alignment>0x4</alignment>
         <input_file_ref idref="fl-9"/>
      </object_component>
      <object_component id="oc-f5">
         <name>.text.__NVIC_EnableIRQ</name>
         <load_address>0x5fb0</load_address>
         <readonly>true</readonly>
         <executable>true</executable>
         <run_address>0x5fb0</run_address>
         <size>0x2c</size>
         <alignment>0x4</alignment>
         <input_file_ref idref="fl-1"/>
      </object_component>
      <object_component id="oc-292">
         <name>.text.__floatsidf</name>
         <load_address>0x5fdc</load_address>
         <readonly>true</readonly>
         <executable>true</executable>
         <run_address>0x5fdc</run_address>
         <size>0x2c</size>
         <alignment>0x4</alignment>
         <input_file_ref idref="fl-114"/>
      </object_component>
      <object_component id="oc-13e">
         <name>.text.mspm0_get_clock_ms</name>
         <load_address>0x6008</load_address>
         <readonly>true</readonly>
         <executable>true</executable>
         <run_address>0x6008</run_address>
[...]
         <value>0x5e3d</value>
         <object_component_ref idref="oc-41"/>
      </symbol>
      <symbol id="sm-3d6">
         <name>TIMA1_IRQHandler</name>
         <value>0x5e0d</value>
         <object_component_ref idref="oc-3c"/>
      </symbol>
      <symbol id="sm-3d7">
         <name>Stepper_RunX</name>
         <value>0x4425</value>
         <object_component_ref idref="oc-1ae"/>
      </symbol>
      <symbol id="sm-3d8">
         <name>Stepper_RunY</name>
         <value>0x44cd</value>
         <object_component_ref idref="oc-1af"/>
      </symbol>
      <symbol id="sm-3d9">
         <name>__TI_ATRegion0_src_addr</name>
         <value>0x0</value>
      </symbol>
      <symbol id="sm-3da">
         <name>__TI_ATRegion0_trg_addr</name>
         <value>0x0</value>
      </symbol>
      <symbol id="sm-3db">
         <name>__TI_ATRegion0_region_sz</name>
         <value>0x0</value>
      </symbol>
      <symbol id="sm-3dc">
         <name>__TI_ATRegion1_src_addr</name>
         <value>0x0</value>
      </symbol>
      <symbol id="sm-3dd">
         <name>__TI_ATRegion1_trg_addr</name>
         <value>0x0</value>
      </symbol>
      <symbol id="sm-3de">
         <name>__TI_ATRegion1_region_sz</name>
         <value>0x0</value>
      </symbol>
      <symbol id="sm-3df">
         <name>__TI_ATRegion2_src_addr</name>
         <value>0x0</value>
      </symbol>
      <symbol id="sm-3e0">
         <name>__TI_ATRegion2_trg_addr</name>
         <value>0x0</value>
      </symbol>
      <symbol id="sm-3e1">
         <name>__TI_ATRegion2_region_sz</name>
         <value>0x0</value>
      </symbol>
      <symbol id="sm-3ea">
         <name>DL_Common_delayCycles</name>
         <value>0x6b89</value>
         <object_component_ref idref="oc-104"/>
      </symbol>
      <symbol id="sm-3f4">
         <name>DL_DMA_initChannel</name>
         <value>0x55d9</value>
         <object_component_ref idref="oc-2d5"/>
      </symbol>
      <symbol id="sm-403">
         <name>DL_I2C_setClockConfig</name>
         <value>0x6261</value>
         <object_component_ref idref="oc-240"/>
      </symbol>
      <symbol id="sm-404">
         <name>DL_I2C_fillControllerTXFIFO</name>
         <value>0x5325</value>
         <object_component_ref idref="oc-2ca"/>
      </symbol>
      <symbol id="sm-405">
         <name>DL_I2C_flushControllerTXFIFO</name>
         <value>0x5a25</value>
         <object_component_ref idref="oc-2c0"/>
      </symbol>
      <symbol id="sm-421">
         <name>DL_Timer_setClockConfig</name>
         <value>0x64fd</value>
         <object_component_ref idref="oc-227"/>
      </symbol>
      <symbol id="sm-422">
         <name>DL_Timer_initTimerMode</name>
         <value>0x3791</value>
         <object_component_ref idref="oc-23b"/>
      </symbol>
      <symbol id="sm-423">
         <name>DL_Timer_setCaptureCompareValue</name>
         <value>0x6b05</value>
         <object_component_ref idref="oc-231"/>
      </symbol>
      <symbol id="sm-424">
         <name>DL_Timer_setCaptCompUpdateMethod</name>
         <value>0x64e1</value>
         <object_component_ref idref="oc-230"/>
      </symbol>
      <symbol id="sm-425">
         <name>DL_Timer_setCaptureCompareOutCtl</name>
         <value>0x67dd</value>
         <object_component_ref idref="oc-22f"/>
      </symbol>
      <symbol id="sm-426">
         <name>DL_Timer_initFourCCPWMMode</name>
         <value>0x32b1</value>
         <object_component_ref idref="oc-22d"/>
      </symbol>
      <symbol id="sm-433">
         <name>DL_UART_init</name>
         <value>0x56bd</value>
         <object_component_ref idref="oc-255"/>
      </symbol>
      <symbol id="sm-434">
         <name>DL_UART_setClockConfig</name>
         <value>0x6abd</value>
         <object_component_ref idref="oc-24f"/>
      </symbol>
      <symbol id="sm-442">
         <name>DL_SYSCTL_configSYSPLL</name>
         <value>0x3b21</value>
         <object_component_ref idref="oc-21d"/>
      </symbol>
      <symbol id="sm-443">
         <name>DL_SYSCTL_switchMCLKfromSYSOSCtoHSCLK</name>
         <value>0x57dd</value>
         <object_component_ref idref="oc-224"/>
      </symbol>
      <symbol id="sm-454">
         <name>sprintf</name>
         <value>0x5c3d</value>
         <object_component_ref idref="oc-ec"/>
      </symbol>
      <symbol id="sm-46e">
         <name>asin</name>
         <value>0xbe9</value>
         <object_component_ref idref="oc-b7"/>
      </symbol>
      <symbol id="sm-46f">
         <name>asinl</name>
         <value>0xbe9</value>
         <object_component_ref idref="oc-b7"/>
      </symbol>
      <symbol id="sm-47d">
         <name>atan2</name>
         <value>0x2521</value>
         <object_component_ref idref="oc-c5"/>
      </symbol>
      <symbol id="sm-47e">
         <name>atan2l</name>
         <value>0x2521</value>
         <object_component_ref idref="oc-c5"/>
      </symbol>
      <symbol id="sm-488">
         <name>sqrt</name>
         <value>0x2821</value>
         <object_component_ref idref="oc-156"/>
      </symbol>
      <symbol id="sm-489">
         <name>sqrtl</name>
         <value>0x2821</value>
         <object_component_ref idref="oc-156"/>
      </symbol>
      <symbol id="sm-4a0">
         <name>atan</name>
         <value>0xf4d</value>
         <object_component_ref idref="oc-165"/>
      </symbol>
      <symbol id="sm-4a1">
         <name>atanl</name>
         <value>0xf4d</value>
         <object_component_ref idref="oc-165"/>
      </symbol>
      <symbol id="sm-4ac">
         <name>__aeabi_errno_addr</name>
         <value>0x6c01</value>
         <object_component_ref idref="oc-14b"/>
      </symbol>
      <symbol id="sm-4ad">
         <name>__aeabi_errno</name>
         <value>0x202004ac</value>
         <object_component_ref idref="oc-1f3"/>
      </symbol>
      <symbol id="sm-4b8">
         <name>memcmp</name>
         <value>0x6335</value>
         <object_component_ref idref="oc-2e2"/>
      </symbol>
      <symbol id="sm-4c4">
         <name>_c_int00_noargs</name>
         <value>0x61ed</value>
         <object_component_ref idref="oc-5d"/>
      </symbol>
      <symbol id="sm-4c5">
         <name>__stack</name>
         <value>0x20207e00</value>
         <object_component_ref idref="oc-1a"/>
      </symbol>
      <symbol id="sm-4d4">
         <name>__TI_auto_init_nobinit_nopinit</name>
         <value>0x5b51</value>
         <object_component_ref idref="oc-125"/>
      </symbol>
      <symbol id="sm-4dc">
         <name>_system_pre_init</name>
         <value>0x6c55</value>
         <object_component_ref idref="oc-8b"/>
      </symbol>
      <symbol id="sm-4e7">
         <name>__TI_zero_init</name>
         <value>0x6b35</value>
         <object_component_ref idref="oc-5a"/>
      </symbol>
      <symbol id="sm-4f0">
         <name>__TI_decompress_none</name>
         <value>0x6ae1</value>
         <object_component_ref idref="oc-20"/>
      </symbol>
      <symbol id="sm-4fb">
         <name>__TI_decompress_lzss</name>
         <value>0x4b81</value>
         <object_component_ref idref="oc-1c"/>
      </symbol>
      <symbol id="sm-511">
         <name>__TI_printfi_minimal</name>
         <value>0x1245</value>
         <object_component_ref idref="oc-283"/>
      </symbol>
      <symbol id="sm-522">
         <name>abort</name>
         <value>0x6c2f</value>
         <object_component_ref idref="oc-11e"/>
      </symbol>
      <symbol id="sm-52f">
         <name>memccpy</name>
         <value>0x62d1</value>
         <object_component_ref idref="oc-2ee"/>
      </symbol>
      <symbol id="sm-53a">
         <name>HOSTexit</name>
         <value>0x6c39</value>
         <object_component_ref idref="oc-1d8"/>
      </symbol>
      <symbol id="sm-53b">
         <name>C$$EXIT</name>
         <value>0x6c38</value>
         <object_component_ref idref="oc-1d8"/>
      </symbol>
      <symbol id="sm-550">
         <name>__aeabi_fadd</name>
         <value>0x3c07</value>
         <object_component_ref idref="oc-af"/>
      </symbol>
      <symbol id="sm-551">
         <name>__addsf3</name>
         <value>0x3c07</value>
         <object_component_ref idref="oc-af"/>
      </symbol>
      <symbol id="sm-552">
         <name>__aeabi_fsub</name>
         <value>0x3bfd</value>
         <object_component_ref idref="oc-af"/>
      </symbol>
      <symbol id="sm-553">
         <name>__subsf3</name>
         <value>0x3bfd</value>
         <object_component_ref idref="oc-af"/>
      </symbol>
      <symbol id="sm-559">
         <name>__aeabi_dadd</name>
         <value>0x2397</value>
         <object_component_ref idref="oc-150"/>
      </symbol>
      <symbol id="sm-55a">
         <name>__adddf3</name>
         <value>0x2397</value>
         <object_component_ref idref="oc-150"/>
      </symbol>
      <symbol id="sm-55b">
         <name>__aeabi_dsub</name>
         <value>0x238d</value>
         <object_component_ref idref="oc-150"/>
      </symbol>
      <symbol id="sm-55c">
         <name>__subdf3</name>
         <value>0x238d</value>
         <object_component_ref idref="oc-150"/>
      </symbol>
      <symbol id="sm-565">
         <name>__aeabi_dmul</name>
         <value>0x3879</value>
         <object_component_ref idref="oc-bd"/>
      </symbol>
      <symbol id="sm-566">
         <name>__muldf3</name>
         <value>0x3879</value>
         <object_component_ref idref="oc-bd"/>
      </symbol>
      <symbol id="sm-56f">
         <name>__muldsi3</name>
         <value>0x5bc9</value>
         <object_component_ref idref="oc-144"/>
      </symbol>
      <symbol id="sm-575">
         <name>__aeabi_fmul</name>
         <value>0x485d</value>
         <object_component_ref idref="oc-ab"/>
      </symbol>
      <symbol id="sm-576">
         <name>__mulsf3</name>
         <value>0x485d</value>
         <object_component_ref idref="oc-ab"/>
      </symbol>
      <symbol id="sm-57c">
         <name>__aeabi_fdiv</name>
         <value>0x4a7d</value>
         <object_component_ref idref="oc-a7"/>
      </symbol>
      <symbol id="sm-57d">
         <name>__divsf3</name>
         <value>0x4a7d</value>
         <object_component_ref idref="oc-a7"/>
      </symbol>
      <symbol id="sm-583">
         <name>__aeabi_ddiv</name>
         <value>0x309d</value>
         <object_component_ref idref="oc-15d"/>
      </symbol>
      <symbol id="sm-584">
         <name>__divdf3</name>
         <value>0x309d</value>
         <object_component_ref idref="oc-15d"/>
      </symbol>
      <symbol id="sm-58d">
         <name>__aeabi_f2d</name>
         <value>0x592d</value>
         <object_component_ref idref="oc-b3"/>
      </symbol>
      <symbol id="sm-58e">
         <name>__extendsfdf2</name>
         <value>0x592d</value>
         <object_component_ref idref="oc-b3"/>
      </symbol>
      <symbol id="sm-594">
         <name>__aeabi_d2iz</name>
         <value>0x5671</value>
         <object_component_ref idref="oc-296"/>
      </symbol>
      <symbol id="sm-595">
         <name>__fixdfsi</name>
         <value>0x5671</value>
         <object_component_ref idref="oc-296"/>
      </symbol>
      <symbol id="sm-59b">
         <name>__aeabi_f2iz</name>
         <value>0x5c05</value>
         <object_component_ref idref="oc-1b4"/>
      </symbol>
      <symbol id="sm-59c">
         <name>__fixsfsi</name>
         <value>0x5c05</value>
         <object_component_ref idref="oc-1b4"/>
      </symbol>
      <symbol id="sm-5a2">
         <name>__aeabi_i2d</name>
         <value>0x5fdd</value>
         <object_component_ref idref="oc-292"/>
      </symbol>
      <symbol id="sm-5a3">
         <name>__floatsidf</name>
         <value>0x5fdd</value>
         <object_component_ref idref="oc-292"/>
      </symbol>
      <symbol id="sm-5a9">
         <name>__aeabi_i2f</name>
         <value>0x5ad9</value>
         <object_component_ref idref="oc-a3"/>
      </symbol>
      <symbol id="sm-5aa">
         <name>__floatsisf</name>
         <value>0x5ad9</value>
         <object_component_ref idref="oc-a3"/>
      </symbol>
      <symbol id="sm-5b0">
         <name>__aeabi_ui2f</name>
         <value>0x61c5</value>
         <object_component_ref idref="oc-2e6"/>
      </symbol>
      <symbol id="sm-5b1">
         <name>__floatunsisf</name>
         <value>0x61c5</value>
         <object_component_ref idref="oc-2e6"/>
      </symbol>
      <symbol id="sm-5b8">
         <name>__aeabi_d2f</name>
         <value>0x4dd1</value>
         <object_component_ref idref="oc-c1"/>
      </symbol>
      <symbol id="sm-5b9">
         <name>__truncdfsf2</name>
         <value>0x4dd1</value>
         <object_component_ref idref="oc-c1"/>
      </symbol>
      <symbol id="sm-5bf">
         <name>__aeabi_dcmpeq</name>
         <value>0x513d</value>
         <object_component_ref idref="oc-ff"/>
      </symbol>
      <symbol id="sm-5c0">
         <name>__aeabi_dcmplt</name>
         <value>0x5151</value>
         <object_component_ref idref="oc-ff"/>
      </symbol>
      <symbol id="sm-5c1">
         <name>__aeabi_dcmple</name>
         <value>0x5165</value>
         <object_component_ref idref="oc-ff"/>
      </symbol>
      <symbol id="sm-5c2">
         <name>__aeabi_dcmpge</name>
         <value>0x5179</value>
         <object_component_ref idref="oc-ff"/>
      </symbol>
      <symbol id="sm-5c3">
         <name>__aeabi_dcmpgt</name>
         <value>0x518d</value>
         <object_component_ref idref="oc-ff"/>
      </symbol>
      <symbol id="sm-5c9">
         <name>__aeabi_fcmpeq</name>
         <value>0x51a1</value>
         <object_component_ref idref="oc-1b0"/>
      </symbol>
      <symbol id="sm-5ca">
         <name>__aeabi_fcmplt</name>
         <value>0x51b5</value>
         <object_component_ref idref="oc-1b0"/>
      </symbol>
      <symbol id="sm-5cb">
         <name>__aeabi_fcmple</name>
         <value>0x51c9</value>
         <object_component_ref idref="oc-1b0"/>
      </symbol>
      <symbol id="sm-5cc">
         <name>__aeabi_fcmpge</name>
         <value>0x51dd</value>
         <object_component_ref idref="oc-1b0"/>
      </symbol>
      <symbol id="sm-5cd">
         <name>__aeabi_fcmpgt</name>
         <value>0x51f1</value>
         <object_component_ref idref="oc-1b0"/>
      </symbol>
      <symbol id="sm-5d3">
         <name>__aeabi_idiv</name>
         <value>0x5491</value>
         <object_component_ref idref="oc-28e"/>
      </symbol>
      <symbol id="sm-5d4">
         <name>__aeabi_idivmod</name>
         <value>0x5491</value>
         <object_component_ref idref="oc-28e"/>
      </symbol>
      <symbol id="sm-5da">
         <name>__aeabi_memcpy</name>
         <value>0x6c09</value>
         <object_component_ref idref="oc-4d"/>
      </symbol>
      <symbol id="sm-5db">
         <name>__aeabi_memcpy4</name>
         <value>0x6c09</value>
         <object_component_ref idref="oc-4d"/>
      </symbol>
      <symbol id="sm-5dc">
         <name>__aeabi_memcpy8</name>
         <value>0x6c09</value>
         <object_component_ref idref="oc-4d"/>
      </symbol>
      <symbol id="sm-5e5">
         <name>__aeabi_memset</name>
         <value>0x6b45</value>
         <object_component_ref idref="oc-2ed"/>
      </symbol>
      <symbol id="sm-5e6">
         <name>__aeabi_memset4</name>
         <value>0x6b45</value>
         <object_component_ref idref="oc-2ed"/>
      </symbol>
      <symbol id="sm-5e7">
         <name>__aeabi_memset8</name>
         <value>0x6b45</value>
         <object_component_ref idref="oc-2ed"/>
      </symbol>
      <symbol id="sm-5e8">
         <name>__aeabi_memclr</name>
         <value>0x6b7d</value>
         <object_component_ref idref="oc-86"/>
      </symbol>
      <symbol id="sm-5e9">
         <name>__aeabi_memclr4</name>
         <value>0x6b7d</value>
         <object_component_ref idref="oc-86"/>
      </symbol>
      <symbol id="sm-5ea">
         <name>__aeabi_memclr8</name>
         <value>0x6b7d</value>
         <object_component_ref idref="oc-86"/>
      </symbol>
      <symbol id="sm-5f0">
         <name>__aeabi_uidiv</name>
         <value>0x58ed</value>
         <object_component_ref idref="oc-1e9"/>
      </symbol>
      <symbol id="sm-5f1">
         <name>__aeabi_uidivmod</name>
         <value>0x58ed</value>
         <object_component_ref idref="oc-1e9"/>
      </symbol>
      <symbol id="sm-5fa">
         <name>__eqsf2</name>
         <value>0x5b8d</value>
         <object_component_ref idref="oc-29e"/>
      </symbol>
      <symbol id="sm-5fb">
         <name>__lesf2</name>
         <value>0x5b8d</value>
         <object_component_ref idref="oc-29e"/>
      </symbol>
      <symbol id="sm-5fc">
         <name>__ltsf2</name>
         <value>0x5b8d</value>
         <object_component_ref idref="oc-29e"/>
      </symbol>
      <symbol id="sm-5fd">
         <name>__nesf2</name>
         <value>0x5b8d</value>
         <object_component_ref idref="oc-29e"/>
      </symbol>
      <symbol id="sm-5fe">
         <name>__cmpsf2</name>
         <value>0x5b8d</value>
         <object_component_ref idref="oc-29e"/>
      </symbol>
      <symbol id="sm-5ff">
         <name>__gtsf2</name>
         <value>0x5b15</value>
         <object_component_ref idref="oc-2a3"/>
      </symbol>
      <symbol id="sm-600">
         <name>__gesf2</name>
         <value>0x5b15</value>
         <object_component_ref idref="oc-2a3"/>
      </symbol>
      <symbol id="sm-60e">
         <name>__ledf2</name>
         <value>0x506d</value>
         <object_component_ref idref="oc-1c4"/>
      </symbol>
      <symbol id="sm-60f">
         <name>__gedf2</name>
         <value>0x4d5d</value>
         <object_component_ref idref="oc-1ca"/>
      </symbol>
      <symbol id="sm-610">
         <name>__cmpdf2</name>
         <value>0x506d</value>
         <object_component_ref idref="oc-1c4"/>
      </symbol>
      <symbol id="sm-611">
         <name>__eqdf2</name>
         <value>0x506d</value>
         <object_component_ref idref="oc-1c4"/>
      </symbol>
      <symbol id="sm-612">
         <name>__ltdf2</name>
         <value>0x506d</value>
         <object_component_ref idref="oc-1c4"/>
      </symbol>
      <symbol id="sm-613">
         <name>__nedf2</name>
         <value>0x506d</value>
         <object_component_ref idref="oc-1c4"/>
      </symbol>
      <symbol id="sm-614">
         <name>__gtdf2</name>
         <value>0x4d5d</value>
         <object_component_ref idref="oc-1ca"/>
      </symbol>
      <symbol id="sm-61f">
         <name>__aeabi_idiv0</name>
         <value>0x473f</value>
         <object_component_ref idref="oc-2c1"/>
      </symbol>
      <symbol id="sm-629">
         <name>TI_memcpy_small</name>
         <value>0x6acf</value>
         <object_component_ref idref="oc-d4"/>
      </symbol>
      <symbol id="sm-632">
         <name>TI_memset_small</name>
         <value>0x6b6f</value>
         <object_component_ref idref="oc-16f"/>
      </symbol>
      <symbol id="sm-633">
         <name>__TI_static_base__</name>
         <value>0x0</value>
      </symbol>
      <symbol id="sm-637">
         <name>__mpu_init</name>
         <value>0x0</value>
      </symbol>
      <symbol id="sm-638">
         <name>_system_post_cinit</name>
         <value>0x0</value>
      </symbol>
   </symbol_table>
   <title>Link successful</title>
</link_info>
