******************************************************************************
            TI ARM Clang Linker PC v4.0.3                      
******************************************************************************
>> Linked Sat Aug  2 19:46:58 2025

OUTPUT FILE NAME:   <mspm0-modules.out>
ENTRY POINT SYMBOL: "_c_int00_noargs"  address: 000061ed


MEMORY CONFIGURATION

         name            origin    length      used     unused   attr    fill
----------------------  --------  ---------  --------  --------  ----  --------
  FLASH                 00000000   00020000  00008240  00017dc0  R  X
  SRAM                  20200000   00008000  000006e8  00007918  RW X
  BCR_CONFIG            41c00000   000000ff  00000000  000000ff  R   
  BSL_CONFIG            41c00100   00000080  00000000  00000080  R   


SEGMENT ALLOCATION MAP

run origin  load origin   length   init length attrs members
----------  ----------- ---------- ----------- ----- -------
00000000    00000000    00008240   00008240    r-x
  00000000    00000000    000000c0   000000c0    r-- .intvecs
  000000c0    000000c0    00006ba0   00006ba0    r-x .text
  00006c60    00006c60    00001570   00001570    r-- .rodata
  000081d0    000081d0    00000070   00000070    r-- .cinit
20200000    20200000    000004ea   00000000    rw-
  20200000    20200000    0000043a   00000000    rw- .bss
  2020043c    2020043c    000000ae   00000000    rw- .data
20207e00    20207e00    00000200   00000000    rw-
  20207e00    20207e00    00000200   00000000    rw- .stack


SECTION ALLOCATION MAP

 output                                  attributes/
section   page    origin      length       input sections
--------  ----  ----------  ----------   ----------------
.intvecs   0    00000000    000000c0     
                  00000000    000000c0     startup_mspm0g350x_ticlang.o (.intvecs)

.text      0    000000c0    00006ba0     
                  000000c0    000003e8     main.o (.text.Follow_Line)
                  000004a8    000003d8     main.o (.text.Stepper_PD_Control)
                  00000880    00000368     main.o (.text.main)
                  00000be8    00000364     libc.a : e_asin.c.obj (.text.asin)
                  00000f4c    000002f8            : s_atan.c.obj (.text.atan)
                  00001244    00000284            : _printfi.c.obj (.text:__TI_printfi_minimal)
                  000014c8    00000278     inv_mpu_dmp_motion_driver.o (.text.dmp_enable_feature)
                  00001740    00000238     inv_mpu_dmp_motion_driver.o (.text.dmp_set_tap_thresh)
                  00001978    0000022c     mpu6050.o (.text.Read_Quad)
                  00001ba4    0000022c     inv_mpu.o (.text.mpu_reset_fifo)
                  00001dd0    00000228     ti_msp_dl_config.o (.text.SYSCFG_DL_GPIO_init)
                  00001ff8    000001f4     inv_mpu_dmp_motion_driver.o (.text.dmp_read_fifo)
                  000021ec    000001a0     inv_mpu.o (.text.mpu_set_bypass)
                  0000238c    00000192     libclang_rt.builtins.a : adddf3.S.obj (.text.adddf3_subdf3)
                  0000251e    00000002     interrupt.o (.text.TIMG0_IRQHandler)
                  00002520    00000188     libc.a : e_atan2.c.obj (.text.atan2)
                  000026a8    00000178     inv_mpu_dmp_motion_driver.o (.text.dmp_set_orientation)
                  00002820    00000170     libc.a : e_sqrt.c.obj (.text.sqrt)
                  00002990    00000144     mpu6050.o (.text.MPU6050_Init)
                  00002ad4    00000134     mspm0_i2c.o (.text.mspm0_i2c_read)
                  00002c08    00000130     inv_mpu.o (.text.mpu_set_sensors)
                  00002d38    00000128     inv_mpu.o (.text.mpu_init)
                  00002e60    00000124     inv_mpu.o (.text.mpu_load_firmware)
                  00002f84    00000118     oled_software_i2c.o (.text.OLED_ShowChar)
                  0000309c    0000010c     libclang_rt.builtins.a : divdf3.S.obj (.text.__divdf3)
                  000031a8    00000108     inv_mpu.o (.text.mpu_read_fifo_stream)
                  000032b0    00000104     driverlib.a : dl_timer.o (.text.DL_Timer_initFourCCPWMMode)
                  000033b4    00000100     inv_mpu.o (.text.mpu_lp_accel_mode)
                  000034b4    000000fa     oled_software_i2c.o (.text.OLED_Init)
                  000035ae    000000f6     oled_software_i2c.o (.text.OLED_ShowNum)
                  000036a4    000000ec     inv_mpu.o (.text.mpu_set_sample_rate)
                  00003790    000000e8     driverlib.a : dl_timer.o (.text.DL_Timer_initTimerMode)
                  00003878    000000e4     libclang_rt.builtins.a : muldf3.S.obj (.text.__muldf3)
                  0000395c    000000e4     inv_mpu.o (.text.mpu_set_accel_fsr)
                  00003a40    000000e0     main.o (.text.UART0_IRQHandler)
                  00003b20    000000dc     driverlib.a : dl_sysctl_mspm0g1x0x_g3x0x.o (.text.DL_SYSCTL_configSYSPLL)
                  00003bfc    000000d8     libclang_rt.builtins.a : addsf3.S.obj (.text)
                  00003cd4    000000d4     inv_mpu.o (.text.set_int_enable)
                  00003da8    000000d0     inv_mpu.o (.text.mpu_set_lpf)
                  00003e78    000000c4     inv_mpu.o (.text.mpu_set_gyro_fsr)
                  00003f3c    000000c4     mspm0_i2c.o (.text.mspm0_i2c_write)
                  00004000    000000bc     inv_mpu.o (.text.mpu_configure_fifo)
                  000040bc    000000b8     inv_mpu.o (.text.mpu_set_dmp_state)
                  00004174    000000b0     ti_msp_dl_config.o (.text.SYSCFG_DL_initPower)
                  00004224    000000ac     inv_mpu.o (.text.mpu_read_mem)
                  000042d0    000000ac     inv_mpu.o (.text.mpu_write_mem)
                  0000437c    000000a8     interrupt.o (.text.GROUP1_IRQHandler)
                  00004424    000000a8     Stepper.o (.text.Stepper_RunX)
                  000044cc    000000a8     Stepper.o (.text.Stepper_RunY)
                  00004574    0000009c     inv_mpu.o (.text.mpu_set_int_latched)
                  00004610    00000098     inv_mpu_dmp_motion_driver.o (.text.dmp_set_fifo_rate)
                  000046a8    00000096     mpu6050.o (.text.inv_row_2_scale)
                  0000473e    00000002     libclang_rt.builtins.a : aeabi_div0.c.obj (.text.__aeabi_idiv0)
                  00004740    00000090     ti_msp_dl_config.o (.text.SYSCFG_DL_PWM_Motor_init)
                  000047d0    0000008c     Motor520.o (.text.Set_MotorSpeed_R)
                  0000485c    0000008c     libclang_rt.builtins.a : mulsf3.S.obj (.text.__mulsf3)
                  000048e8    0000008c     inv_mpu_dmp_motion_driver.o (.text.decode_gesture)
                  00004974    00000084     clock.o (.text.__NVIC_SetPriority)
                  000049f8    00000084     ti_msp_dl_config.o (.text.__NVIC_SetPriority)
                  00004a7c    00000082     libclang_rt.builtins.a : divsf3.S.obj (.text.__divsf3)
                  00004afe    00000002     --HOLE-- [fill = 0]
                  00004b00    00000080     Motor520.o (.text.Set_MotorSpeed_L)
                  00004b80    0000007c     libc.a : copy_decompress_lzss.c.obj (.text:decompress:lzss)
                  00004bfc    00000078     main.o (.text.GetKeyNum)
                  00004c74    00000074     ti_msp_dl_config.o (.text.SYSCFG_DL_UART_0_init)
                  00004ce8    00000074     oled_software_i2c.o (.text.Send_Byte)
                  00004d5c    00000074     libclang_rt.builtins.a : comparedf2.c.obj (.text.__gedf2)
                  00004dd0    00000074                            : truncdfsf2.S.obj (.text.__truncdfsf2)
                  00004e44    00000074     inv_mpu.o (.text.mpu_get_accel_fsr)
                  00004eb8    00000070     oled_software_i2c.o (.text.OLED_ShowString)
                  00004f28    0000006c     ti_msp_dl_config.o (.text.SYSCFG_DL_Stepper_X_init)
                  00004f94    0000006c     ti_msp_dl_config.o (.text.SYSCFG_DL_Stepper_Y_init)
                  00005000    0000006a     oled_software_i2c.o (.text.OLED_Clear)
                  0000506a    00000002     --HOLE-- [fill = 0]
                  0000506c    00000068     libclang_rt.builtins.a : comparedf2.c.obj (.text.__ledf2)
                  000050d4    00000066     inv_mpu_dmp_motion_driver.o (.text.dmp_set_tap_axes)
                  0000513a    00000002     --HOLE-- [fill = 0]
                  0000513c    00000062     libclang_rt.builtins.a : aeabi_dcmp.S.obj (.text.__aeabi_dcmp)
                  0000519e    00000002     --HOLE-- [fill = 0]
                  000051a0    00000062                            : aeabi_fcmp.S.obj (.text.__aeabi_fcmp)
                  00005202    00000002     --HOLE-- [fill = 0]
                  00005204    00000060     inv_mpu_dmp_motion_driver.o (.text.dmp_enable_gyro_cal)
                  00005264    00000060     mspm0_i2c.o (.text.mpu6050_i2c_sda_unlock)
                  000052c4    00000060     inv_mpu.o (.text.mpu_get_gyro_fsr)
                  00005324    0000005e     driverlib.a : dl_i2c.o (.text.DL_I2C_fillControllerTXFIFO)
                  00005382    00000002     --HOLE-- [fill = 0]
                  00005384    0000005c     mspm0_i2c.o (.text.mspm0_i2c_enable)
                  000053e0    00000058     ti_msp_dl_config.o (.text.SYSCFG_DL_I2C_MPU6050_init)
                  00005438    00000058     ti_msp_dl_config.o (.text.SYSCFG_DL_init)
                  00005490    00000056     libclang_rt.builtins.a : aeabi_idivmod.S.obj (.text.__aeabi_idivmod)
                  000054e6    00000002     --HOLE-- [fill = 0]
                  000054e8    00000050     mspm0_i2c.o (.text.DL_I2C_startControllerTransfer)
                  00005538    00000050     clock.o (.text.SysTick_Config)
                  00005588    0000004e     oled_software_i2c.o (.text.OLED_WR_Byte)
                  000055d6    00000002     --HOLE-- [fill = 0]
                  000055d8    0000004c     driverlib.a : dl_dma.o (.text.DL_DMA_initChannel)
                  00005624    0000004c     ti_msp_dl_config.o (.text.DL_UART_setBaudRateDivisor)
                  00005670    0000004a     libclang_rt.builtins.a : fixdfsi.S.obj (.text.__fixdfsi)
                  000056ba    00000002     --HOLE-- [fill = 0]
                  000056bc    00000048     driverlib.a : dl_uart.o (.text.DL_UART_init)
                  00005704    00000048     ti_msp_dl_config.o (.text.SYSCFG_DL_SYSCTL_init)
                  0000574c    00000048     inv_mpu_dmp_motion_driver.o (.text.dmp_enable_6x_lp_quat)
                  00005794    00000048     inv_mpu_dmp_motion_driver.o (.text.dmp_enable_lp_quat)
                  000057dc    00000044     driverlib.a : dl_sysctl_mspm0g1x0x_g3x0x.o (.text.DL_SYSCTL_switchMCLKfromSYSOSCtoHSCLK)
                  00005820    00000044     inv_mpu_dmp_motion_driver.o (.text.dmp_set_shake_reject_thresh)
                  00005864    00000044     inv_mpu_dmp_motion_driver.o (.text.dmp_set_tap_count)
                  000058a8    00000044     mspm0_i2c.o (.text.mspm0_i2c_disable)
                  000058ec    00000040     libclang_rt.builtins.a : aeabi_uidivmod.S.obj (.text.__aeabi_uidivmod)
                  0000592c    00000040                            : extendsfdf2.S.obj (.text.__extendsfdf2)
                  0000596c    0000003e     mpu6050.o (.text.inv_orientation_matrix_to_scalar)
                  000059aa    00000002     --HOLE-- [fill = 0]
                  000059ac    0000003c     mspm0_i2c.o (.text.DL_GPIO_initPeripheralInputFunctionFeatures)
                  000059e8    0000003c     ti_msp_dl_config.o (.text.DL_GPIO_initPeripheralInputFunctionFeatures)
                  00005a24    0000003c     driverlib.a : dl_i2c.o (.text.DL_I2C_flushControllerTXFIFO)
                  00005a60    0000003c     ti_msp_dl_config.o (.text.DL_Timer_setCounterControl)
                  00005a9c    0000003c     oled_software_i2c.o (.text.OLED_Set_Pos)
                  00005ad8    0000003c     libclang_rt.builtins.a : floatsisf.S.obj (.text.__floatsisf)
                  00005b14    0000003c                            : comparesf2.S.obj (.text.__gtsf2)
                  00005b50    0000003c     libc.a : autoinit.c.obj (.text:__TI_auto_init_nobinit_nopinit)
                  00005b8c    0000003a     libclang_rt.builtins.a : comparesf2.S.obj (.text.__eqsf2)
                  00005bc6    00000002     --HOLE-- [fill = 0]
                  00005bc8    0000003a                            : muldsi3.S.obj (.text.__muldsi3)
                  00005c02    00000002     --HOLE-- [fill = 0]
                  00005c04    00000038                            : fixsfsi.S.obj (.text.__fixsfsi)
                  00005c3c    00000038     libc.a : sprintf.c.obj (.text.sprintf)
                  00005c74    00000034     mspm0_i2c.o (.text.DL_GPIO_initDigitalInputFeatures)
                  00005ca8    00000034     ti_msp_dl_config.o (.text.DL_GPIO_initDigitalInputFeatures)
                  00005cdc    00000034     oled_software_i2c.o (.text.I2C_Start)
                  00005d10    00000034     ti_msp_dl_config.o (.text.SYSCFG_DL_Stepper_Timer_init)
                  00005d44    00000034     inv_mpu.o (.text.mpu_get_sample_rate)
                  00005d78    00000032     inv_mpu_dmp_motion_driver.o (.text.dmp_set_shake_reject_time)
                  00005daa    00000032     inv_mpu_dmp_motion_driver.o (.text.dmp_set_shake_reject_timeout)
                  00005ddc    00000030     main.o (.text.DL_DMA_setTransferSize)
                  00005e0c    00000030     Stepper.o (.text.TIMA1_IRQHandler)
                  00005e3c    00000030     Stepper.o (.text.TIMG7_IRQHandler)
                  00005e6c    00000030     inv_mpu_dmp_motion_driver.o (.text.dmp_set_tap_time)
                  00005e9c    00000030     inv_mpu_dmp_motion_driver.o (.text.dmp_set_tap_time_multi)
                  00005ecc    00000030     clock.o (.text.mspm0_delay_ms)
                  00005efc    00000030     oled_software_i2c.o (.text.oled_pow)
                  00005f2c    0000002c     ti_msp_dl_config.o (.text.SYSCFG_DL_TIMER_0_init)
                  00005f58    0000002c     main.o (.text.__NVIC_ClearPendingIRQ)
                  00005f84    0000002c     interrupt.o (.text.__NVIC_EnableIRQ)
                  00005fb0    0000002c     main.o (.text.__NVIC_EnableIRQ)
                  00005fdc    0000002c     libclang_rt.builtins.a : floatsidf.S.obj (.text.__floatsidf)
                  00006008    0000002c     clock.o (.text.mspm0_get_clock_ms)
                  00006034    00000028     mspm0_i2c.o (.text.DL_Common_updateReg)
                  0000605c    00000028     ti_msp_dl_config.o (.text.DL_Common_updateReg)
                  00006084    00000028     main.o (.text.DL_DMA_setDestAddr)
                  000060ac    00000028     main.o (.text.DL_DMA_setSrcAddr)
                  000060d4    00000028     ti_msp_dl_config.o (.text.DL_I2C_setControllerRXFIFOThreshold)
                  000060fc    00000028     ti_msp_dl_config.o (.text.DL_I2C_setControllerTXFIFOThreshold)
                  00006124    00000028     ti_msp_dl_config.o (.text.DL_UART_setRXFIFOThreshold)
                  0000614c    00000028     ti_msp_dl_config.o (.text.DL_UART_setTXFIFOThreshold)
                  00006174    00000028     oled_software_i2c.o (.text.I2C_Stop)
                  0000619c    00000028     oled_software_i2c.o (.text.I2C_WaitAck)
                  000061c4    00000028     libclang_rt.builtins.a : floatunsisf.S.obj (.text.__floatunsisf)
                  000061ec    00000028     libc.a : boot_cortex_m.c.obj (.text:_c_int00_noargs)
                  00006214    00000026     main.o (.text.DL_DMA_enableChannel)
                  0000623a    00000026     ti_msp_dl_config.o (.text.DL_I2C_setAnalogGlitchFilterPulseWidth)
                  00006260    00000026     driverlib.a : dl_i2c.o (.text.DL_I2C_setClockConfig)
                  00006286    00000002     --HOLE-- [fill = 0]
                  00006288    00000024     ti_msp_dl_config.o (.text.DL_UART_setRXInterruptTimeout)
                  000062ac    00000024     Stepper.o (.text.Stepper_Init)
                  000062d0    00000022     libc.a : memccpy.c.obj (.text.memccpy)
                  000062f2    00000002     --HOLE-- [fill = 0]
                  000062f4    00000020     ti_msp_dl_config.o (.text.DL_GPIO_initPeripheralInputFunction)
                  00006314    00000020     ti_msp_dl_config.o (.text.DL_SYSCTL_setFlashWaitState)
                  00006334    00000020     libc.a : memcmp.c.obj (.text.memcmp)
                  00006354    0000001e     ti_msp_dl_config.o (.text.DL_UART_setOversampling)
                  00006372    00000002     --HOLE-- [fill = 0]
                  00006374    0000001c     interrupt.o (.text.DL_GPIO_clearInterruptStatus)
                  00006390    0000001c     ti_msp_dl_config.o (.text.DL_GPIO_clearInterruptStatus)
                  000063ac    0000001c     mspm0_i2c.o (.text.DL_GPIO_enableHiZ)
                  000063c8    0000001c     ti_msp_dl_config.o (.text.DL_GPIO_enableHiZ)
                  000063e4    0000001c     ti_msp_dl_config.o (.text.DL_GPIO_enableInterrupt)
                  00006400    0000001c     ti_msp_dl_config.o (.text.DL_GPIO_initPeripheralOutputFunction)
                  0000641c    0000001c     ti_msp_dl_config.o (.text.DL_GPIO_setLowerPinsPolarity)
                  00006438    0000001c     mpu6050.o (.text.DL_I2C_getSDAStatus)
                  00006454    0000001c     mspm0_i2c.o (.text.DL_I2C_isControllerRXFIFOEmpty)
                  00006470    0000001c     interrupt.o (.text.DL_Interrupt_getPendingGroup)
                  0000648c    0000001c     ti_msp_dl_config.o (.text.DL_SYSCTL_setSYSOSCFreq)
                  000064a8    0000001c     ti_msp_dl_config.o (.text.DL_SYSCTL_setULPCLKDivider)
                  000064c4    0000001c     ti_msp_dl_config.o (.text.DL_Timer_enableInterrupt)
                  000064e0    0000001c     driverlib.a : dl_timer.o (.text.DL_Timer_setCaptCompUpdateMethod)
                  000064fc    0000001c                 : dl_timer.o (.text.DL_Timer_setClockConfig)
                  00006518    0000001c     ti_msp_dl_config.o (.text.DL_UART_enableInterrupt)
                  00006534    0000001c     interrupt.o (.text.Interrupt_Init)
                  00006550    0000001c     inv_mpu_dmp_motion_driver.o (.text.dmp_load_motion_driver_firmware)
                  0000656c    00000018     mspm0_i2c.o (.text.DL_GPIO_enableOutput)
                  00006584    00000018     ti_msp_dl_config.o (.text.DL_GPIO_enableOutput)
                  0000659c    00000018     ti_msp_dl_config.o (.text.DL_GPIO_enablePower)
                  000065b4    00000018     mspm0_i2c.o (.text.DL_GPIO_initDigitalOutput)
                  000065cc    00000018     ti_msp_dl_config.o (.text.DL_GPIO_initDigitalOutput)
                  000065e4    00000018     ti_msp_dl_config.o (.text.DL_GPIO_reset)
                  000065fc    00000018     Motor520.o (.text.DL_GPIO_setPins)
                  00006614    00000018     Stepper.o (.text.DL_GPIO_setPins)
                  0000662c    00000018     main.o (.text.DL_GPIO_setPins)
                  00006644    00000018     mspm0_i2c.o (.text.DL_GPIO_setPins)
                  0000665c    00000018     oled_software_i2c.o (.text.DL_GPIO_setPins)
                  00006674    00000018     ti_msp_dl_config.o (.text.DL_GPIO_setPins)
                  0000668c    00000018     ti_msp_dl_config.o (.text.DL_GPIO_setUpperPinsPolarity)
                  000066a4    00000018     mspm0_i2c.o (.text.DL_I2C_clearInterruptStatus)
                  000066bc    00000018     ti_msp_dl_config.o (.text.DL_I2C_enableAnalogGlitchFilter)
                  000066d4    00000018     ti_msp_dl_config.o (.text.DL_I2C_enableController)
                  000066ec    00000018     ti_msp_dl_config.o (.text.DL_I2C_enableControllerClockStretching)
                  00006704    00000018     mspm0_i2c.o (.text.DL_I2C_enablePower)
                  0000671c    00000018     ti_msp_dl_config.o (.text.DL_I2C_enablePower)
                  00006734    00000018     mspm0_i2c.o (.text.DL_I2C_getRawInterruptStatus)
                  0000674c    00000018     mspm0_i2c.o (.text.DL_I2C_reset)
                  00006764    00000018     ti_msp_dl_config.o (.text.DL_I2C_reset)
                  0000677c    00000018     ti_msp_dl_config.o (.text.DL_I2C_setTimerPeriod)
                  00006794    00000018     ti_msp_dl_config.o (.text.DL_SYSCTL_setBORThreshold)
                  000067ac    00000018     ti_msp_dl_config.o (.text.DL_Timer_enablePower)
                  000067c4    00000018     ti_msp_dl_config.o (.text.DL_Timer_reset)
                  000067dc    00000018     driverlib.a : dl_timer.o (.text.DL_Timer_setCaptureCompareOutCtl)
                  000067f4    00000018     Stepper.o (.text.DL_Timer_setLoadValue)
                  0000680c    00000018     Stepper.o (.text.DL_Timer_startCounter)
                  00006824    00000018     main.o (.text.DL_Timer_startCounter)
                  0000683c    00000018     Stepper.o (.text.DL_Timer_stopCounter)
                  00006854    00000018     ti_msp_dl_config.o (.text.DL_UART_enableDMAReceiveEvent)
                  0000686c    00000018     ti_msp_dl_config.o (.text.DL_UART_enableFIFOs)
                  00006884    00000018     ti_msp_dl_config.o (.text.DL_UART_enablePower)
                  0000689c    00000018     ti_msp_dl_config.o (.text.DL_UART_reset)
                  000068b4    00000018     ti_msp_dl_config.o (.text.SYSCFG_DL_DMA_CH0_init)
                  000068cc    00000018     clock.o (.text.SysTick_Init)
                  000068e4    00000018     libc.a : sprintf.c.obj (.text._outs)
                  000068fc    00000016     interrupt.o (.text.DL_GPIO_readPins)
                  00006912    00000016     main.o (.text.DL_GPIO_readPins)
                  00006928    00000016     mspm0_i2c.o (.text.DL_GPIO_readPins)
                  0000693e    00000016     mspm0_i2c.o (.text.DL_I2C_transmitControllerData)
                  00006954    00000016     ti_msp_dl_config.o (.text.DL_UART_enable)
                  0000696a    00000014     Motor520.o (.text.DL_GPIO_clearPins)
                  0000697e    00000014     Stepper.o (.text.DL_GPIO_clearPins)
                  00006992    00000014     main.o (.text.DL_GPIO_clearPins)
                  000069a6    00000014     mspm0_i2c.o (.text.DL_GPIO_clearPins)
                  000069ba    00000014     oled_software_i2c.o (.text.DL_GPIO_clearPins)
                  000069ce    00000014     ti_msp_dl_config.o (.text.DL_GPIO_clearPins)
                  000069e2    00000002     --HOLE-- [fill = 0]
                  000069e4    00000014     mspm0_i2c.o (.text.DL_I2C_getControllerStatus)
                  000069f8    00000014     mspm0_i2c.o (.text.DL_I2C_receiveControllerData)
                  00006a0c    00000014     ti_msp_dl_config.o (.text.DL_I2C_resetControllerTransfer)
                  00006a20    00000014     ti_msp_dl_config.o (.text.DL_SYSCTL_disableSYSPLL)
                  00006a34    00000014     ti_msp_dl_config.o (.text.DL_Timer_enableClock)
                  00006a48    00000014     ti_msp_dl_config.o (.text.DL_Timer_setCCPDirection)
                  00006a5c    00000014     main.o (.text.DL_UART_receiveData)
                  00006a70    00000014     inv_mpu_dmp_motion_driver.o (.text.dmp_register_android_orient_cb)
                  00006a84    00000014     inv_mpu_dmp_motion_driver.o (.text.dmp_register_tap_cb)
                  00006a98    00000012     interrupt.o (.text.DL_GPIO_getPendingInterrupt)
                  00006aaa    00000012     main.o (.text.DL_UART_getPendingInterrupt)
                  00006abc    00000012     driverlib.a : dl_uart.o (.text.DL_UART_setClockConfig)
                  00006ace    00000012     libc.a : memcpy16.S.obj (.text:TI_memcpy_small)
                  00006ae0    00000012            : copy_decompress_none.c.obj (.text:decompress:none)
                  00006af2    00000002     --HOLE-- [fill = 0]
                  00006af4    00000010     ti_msp_dl_config.o (.text.DL_SYSCTL_disableHFXT)
                  00006b04    00000010     driverlib.a : dl_timer.o (.text.DL_Timer_setCaptureCompareValue)
                  00006b14    00000010     interrupt.o (.text.SysTick_Handler)
                  00006b24    00000010     oled_software_i2c.o (.text.delay_ms)
                  00006b34    00000010     libc.a : copy_zero_init.c.obj (.text:decompress:ZI)
                  00006b44    0000000e     libclang_rt.builtins.a : aeabi_memset.S.obj (.text.__aeabi_memset)
                  00006b52    0000000e     libc.a : _printfi.c.obj (.text.strlen)
                  00006b60    0000000e     mpu6050.o (.text.tap_cb)
                  00006b6e    0000000e     libc.a : memset16.S.obj (.text:TI_memset_small)
                  00006b7c    0000000c     libclang_rt.builtins.a : aeabi_memset.S.obj (.text.__aeabi_memclr)
                  00006b88    0000000a     driverlib.a : dl_common.o (.text.DL_Common_delayCycles)
                  00006b92    0000000a     libc.a : e_asin.c.obj (.text.OUTLINED_FUNCTION_0)
                  00006b9c    00000010     libclang_rt.builtins.a : muldf3.S.obj (.tramp.__aeabi_dmul.1)
                  00006bac    0000000a     libc.a : s_atan.c.obj (.text.OUTLINED_FUNCTION_0)
                  00006bb6    0000000a            : e_asin.c.obj (.text.OUTLINED_FUNCTION_1)
                  00006bc0    0000000a            : e_asin.c.obj (.text.OUTLINED_FUNCTION_3)
                  00006bca    00000002     --HOLE-- [fill = 0]
                  00006bcc    00000010     libclang_rt.builtins.a : divdf3.S.obj (.tramp.__aeabi_ddiv.1)
                  00006bdc    0000000a     libc.a : sprintf.c.obj (.text._outc)
                  00006be6    0000000a     mpu6050.o (.text.android_orient_cb)
                  00006bf0    00000008     libc.a : s_atan.c.obj (.text.OUTLINED_FUNCTION_2)
                  00006bf8    00000008     ti_msp_dl_config.o (.text.SYSCFG_DL_DMA_init)
                  00006c00    00000008     libc.a : aeabi_portable.c.obj (.text.__aeabi_errno_addr)
                  00006c08    00000008     libclang_rt.builtins.a : aeabi_memcpy.S.obj (.text.__aeabi_memcpy)
                  00006c10    00000006     libc.a : s_atan.c.obj (.text.OUTLINED_FUNCTION_1)
                  00006c16    00000002     --HOLE-- [fill = 0]
                  00006c18    00000010     libclang_rt.builtins.a : adddf3.S.obj (.tramp.__aeabi_dadd.1)
                  00006c28    00000006     libc.a : e_asin.c.obj (.text.OUTLINED_FUNCTION_2)
                  00006c2e    00000006            : exit.c.obj (.text:abort)
                  00006c34    00000004     startup_mspm0g350x_ticlang.o (.text.Default_Handler)
                  00006c38    00000004     libsysbm.a : hostexit.c.obj (.text.HOSTexit)
                  00006c3c    00000004     libc.a : e_asin.c.obj (.text.OUTLINED_FUNCTION_4)
                  00006c40    00000004     startup_mspm0g350x_ticlang.o (.text.Reset_Handler)
                  00006c44    00000010     libc.a : boot_cortex_m.c.obj (.tramp._c_int00_noargs.1)
                  00006c54    00000004            : pre_init.c.obj (.text._system_pre_init)
                  00006c58    00000008     --HOLE-- [fill = 0]

.cinit     0    000081d0    00000070     
                  000081d0    00000049     (.cinit..data.load) [load image, compression = lzss]
                  00008219    00000003     --HOLE-- [fill = 0]
                  0000821c    0000000c     (__TI_handler_table)
                  00008228    00000008     (.cinit..bss.load) [load image, compression = zero_init]
                  00008230    00000010     (__TI_cinit_table)

.rodata    0    00006c60    00001570     
                  00006c60    00000bf6     inv_mpu_dmp_motion_driver.o (.rodata.dmp_memory)
                  00007856    000005f0     oled_software_i2c.o (.rodata.asc2_1608)
                  00007e46    00000228     oled_software_i2c.o (.rodata.asc2_0806)
                  0000806e    00000002     ti_msp_dl_config.o (.rodata.gI2C_MPU6050ClockConfig)
                  00008070    00000040     libc.a : s_atan.c.obj (.rodata.cst32)
                  000080b0    00000028     ti_msp_dl_config.o (.rodata.gSYSPLLConfig)
                  000080d8    00000028     inv_mpu.o (.rodata.test)
                  00008100    0000001e     inv_mpu.o (.rodata.reg)
                  0000811e    00000002     ti_msp_dl_config.o (.rodata.gUART_0ClockConfig)
                  00008120    00000018     ti_msp_dl_config.o (.rodata.gDMA_CH0Config)
                  00008138    00000014     ti_msp_dl_config.o (.rodata.gStepper_TimerTimerConfig)
                  0000814c    00000014     ti_msp_dl_config.o (.rodata.gTIMER_0TimerConfig)
                  00008160    00000011     libc.a : _printfi.c.obj (.rodata.str1.15363888844622738466.1)
                  00008171    00000010     main.o (.rodata.str1.18227636981041470289.1)
                  00008181    00000001     --HOLE-- [fill = 0]
                  00008182    0000000c     inv_mpu.o (.rodata.hw)
                  0000818e    0000000a     ti_msp_dl_config.o (.rodata.gUART_0Config)
                  00008198    00000008     ti_msp_dl_config.o (.rodata.gPWM_MotorConfig)
                  000081a0    00000008     ti_msp_dl_config.o (.rodata.gStepper_XConfig)
                  000081a8    00000008     ti_msp_dl_config.o (.rodata.gStepper_YConfig)
                  000081b0    00000005     main.o (.rodata.str1.15159059442110792349.1)
                  000081b5    00000005     main.o (.rodata.str1.8154729771448623357.1)
                  000081ba    00000003     ti_msp_dl_config.o (.rodata.gPWM_MotorClockConfig)
                  000081bd    00000003     ti_msp_dl_config.o (.rodata.gStepper_TimerClockConfig)
                  000081c0    00000003     ti_msp_dl_config.o (.rodata.gStepper_XClockConfig)
                  000081c3    00000003     ti_msp_dl_config.o (.rodata.gStepper_YClockConfig)
                  000081c6    00000003     ti_msp_dl_config.o (.rodata.gTIMER_0ClockConfig)
                  000081c9    00000003     main.o (.rodata.str1.17100691992556644108.1)
                  000081cc    00000004     --HOLE-- [fill = 0]

.init_array 
*          0    00000000    00000000     UNINITIALIZED

.binit     0    00000000    00000000     

.bss       0    20200000    0000043a     UNINITIALIZED
                  20200000    000000c8     (.common:Serial_RxPacket)
                  202000c8    000000bc     (.common:gPWM_MotorBackup)
                  20200184    000000bc     (.common:gStepper_YBackup)
                  20200240    000000a0     (.common:gStepper_TimerBackup)
                  202002e0    000000a0     (.common:gStepper_XBackup)
                  20200380    00000020     (.common:OLED)
                  202003a0    00000020     (.common:OLED_MPU6050)
                  202003c0    0000001c     (.common:stepper_X)
                  202003dc    0000001c     (.common:stepper_Y)
                  202003f8    00000010     (.common:quat)
                  20200408    00000006     (.common:accel)
                  2020040e    00000006     (.common:gyro)
                  20200414    00000005     (.common:RxPacket)
                  20200419    00000001     (.common:KeyNum)
                  2020041a    00000002     (.common:encoder1_count)
                  2020041c    00000004     (.common:pitch)
                  20200420    00000004     (.common:roll)
                  20200424    00000004     (.common:sensor_timestamp)
                  20200428    00000004     (.common:start_time)
                  2020042c    00000004     (.common:tick_ms)
                  20200430    00000004     (.common:yaw)
                  20200434    00000002     (.common:encoder2_count)
                  20200436    00000002     (.common:sensors)
                  20200438    00000001     (.common:Serial_RxFlag)
                  20200439    00000001     (.common:more)

.data      0    2020043c    000000ae     UNINITIALIZED
                  2020043c    0000002c     inv_mpu.o (.data.st)
                  20200468    00000010     inv_mpu_dmp_motion_driver.o (.data.dmp)
                  20200478    0000000e     mpu6050.o (.data.hal)
                  20200486    00000009     mpu6050.o (.data.gyro_orientation)
                  2020048f    00000001     main.o (.data.COUNT)
                  20200490    00000004     main.o (.data.KD_X)
                  20200494    00000004     main.o (.data.KD_Y)
                  20200498    00000004     main.o (.data.KI_X)
                  2020049c    00000004     main.o (.data.KI_Y)
                  202004a0    00000004     main.o (.data.KP_X)
                  202004a4    00000004     main.o (.data.KP_Y)
                  202004a8    00000004     Motor520.o (.data.PWM_Period_Count)
                  202004ac    00000004     libc.a : aeabi_portable.c.obj (.data.__aeabi_errno)
                  202004b0    00000004     main.o (.data.control_x)
                  202004b4    00000004     main.o (.data.control_y)
                  202004b8    00000004     main.o (.data.integral)
                  202004bc    00000004     main.o (.data.integral_x)
                  202004c0    00000004     main.o (.data.integral_y)
                  202004c4    00000004     main.o (.data.last_error)
                  202004c8    00000002     main.o (.data.DEADZONE)
                  202004ca    00000002     main.o (.data.GetMessage_IF)
                  202004cc    00000002     main.o (.data.GetMessage_X1)
                  202004ce    00000002     main.o (.data.GetMessage_X2)
                  202004d0    00000002     main.o (.data.GetMessage_Y1)
                  202004d2    00000002     main.o (.data.GetMessage_Y2)
                  202004d4    00000002     main.o (.data.Speed_Left)
                  202004d6    00000002     main.o (.data.Speed_Right)
                  202004d8    00000002     main.o (.data.error_x)
                  202004da    00000002     main.o (.data.error_y)
                  202004dc    00000002     main.o (.data.last_error_x)
                  202004de    00000002     main.o (.data.last_error_y)
                  202004e0    00000002     main.o (.data.stable_count)
                  202004e2    00000001     main.o (.data.FinishLine)
                  202004e3    00000001     main.o (.data.UART0_IRQHandler.DataCount)
                  202004e4    00000001     main.o (.data.UART0_IRQHandler.RxState)
                  202004e5    00000001     main.o (.data.UART0_IRQHandler.pRxPacket)
                  202004e6    00000001     main.o (.data.enable_aiming)
                  202004e7    00000001     interrupt.o (.data.enable_group1_irq)
                  202004e8    00000001     main.o (.data.pen_state)
                  202004e9    00000001     main.o (.data.searching)

.stack     0    20207e00    00000200     UNINITIALIZED
                  20207e00    00000004     libc.a : boot_cortex_m.c.obj (.stack)
                  20207e04    000001fc     --HOLE--

__llvm_prf_cnts 
*          0    20200000    00000000     UNINITIALIZED

__llvm_prf_bits 
*          0    20200000    00000000     UNINITIALIZED

MODULE SUMMARY

       Module                         code    ro data   rw data
       ------                         ----    -------   -------
    .\
       ti_msp_dl_config.o             3174    157       696    
       main.o                         3582    29        353    
       startup_mspm0g350x_ticlang.o   8       192       0      
    +--+------------------------------+-------+---------+---------+
       Total:                         6764    378       1049   
                                                               
    .\Drivers\MPU6050\
       inv_mpu_dmp_motion_driver.o    3110    3062      16     
       inv_mpu.o                      4600    82        44     
       mspm0_i2c.o                    1320    0         0      
       mpu6050.o                      1144    0         70     
    +--+------------------------------+-------+---------+---------+
       Total:                         10174   3144      130    
                                                               
    .\Drivers\MSPM0\
       interrupt.o                    354     0         5      
       clock.o                        328     0         8      
    +--+------------------------------+-------+---------+---------+
       Total:                         682     0         13     
                                                               
    .\Drivers\Motor_520\
       Motor520.o                     312     0         4      
    +--+------------------------------+-------+---------+---------+
       Total:                         312     0         4      
                                                               
    .\Drivers\OLED_Software_I2C\
       oled_software_i2c.o            1488    2072      0      
    +--+------------------------------+-------+---------+---------+
       Total:                         1488    2072      0      
                                                               
    .\Drivers\Stepper\
       Stepper.o                      584     0         56     
    +--+------------------------------+-------+---------+---------+
       Total:                         584     0         56     
                                                               
    D:/TI_MSP/mspm0_sdk_2_05_01_00/source/ti/driverlib/lib/ticlang/m0p/mspm0g1x0x_g3x0x/driverlib.a
       dl_timer.o                     588     0         0      
       dl_sysctl_mspm0g1x0x_g3x0x.o   288     0         0      
       dl_i2c.o                       192     0         0      
       dl_uart.o                      90      0         0      
       dl_dma.o                       76      0         0      
       dl_common.o                    10      0         0      
    +--+------------------------------+-------+---------+---------+
       Total:                         1244    0         0      
                                                               
    D:\TI_MSP\ccs\tools\compiler\ti-cgt-armllvm_4.0.3.LTS\lib\armv6m-ti-none-eabi/c/libc.a
       e_asin.c.obj                   908     0         0      
       s_atan.c.obj                   784     64        0      
       _printfi.c.obj                 658     17        0      
       e_atan2.c.obj                  392     0         0      
       e_sqrt.c.obj                   368     0         0      
       copy_decompress_lzss.c.obj     124     0         0      
       sprintf.c.obj                  90      0         0      
       autoinit.c.obj                 60      0         0      
       boot_cortex_m.c.obj            56      0         0      
       memccpy.c.obj                  34      0         0      
       memcmp.c.obj                   32      0         0      
       copy_decompress_none.c.obj     18      0         0      
       memcpy16.S.obj                 18      0         0      
       copy_zero_init.c.obj           16      0         0      
       memset16.S.obj                 14      0         0      
       aeabi_portable.c.obj           8       0         4      
       exit.c.obj                     6       0         0      
       pre_init.c.obj                 4       0         0      
    +--+------------------------------+-------+---------+---------+
       Total:                         3590    81        4      
                                                               
    D:\TI_MSP\ccs\tools\compiler\ti-cgt-armllvm_4.0.3.LTS\lib\armv6m-ti-none-eabi/c/libsysbm.a
       hostexit.c.obj                 4       0         0      
    +--+------------------------------+-------+---------+---------+
       Total:                         4       0         0      
                                                               
    D:\TI_MSP\ccs\tools\compiler\ti-cgt-armllvm_4.0.3.LTS\lib\armv6m-ti-none-eabi/libclang_rt.builtins.a
       adddf3.S.obj                   418     0         0      
       divdf3.S.obj                   284     0         0      
       muldf3.S.obj                   244     0         0      
       comparedf2.c.obj               220     0         0      
       addsf3.S.obj                   216     0         0      
       mulsf3.S.obj                   140     0         0      
       divsf3.S.obj                   130     0         0      
       comparesf2.S.obj               118     0         0      
       truncdfsf2.S.obj               116     0         0      
       aeabi_dcmp.S.obj               98      0         0      
       aeabi_fcmp.S.obj               98      0         0      
       aeabi_idivmod.S.obj            86      0         0      
       fixdfsi.S.obj                  74      0         0      
       aeabi_uidivmod.S.obj           64      0         0      
       extendsfdf2.S.obj              64      0         0      
       floatsisf.S.obj                60      0         0      
       muldsi3.S.obj                  58      0         0      
       fixsfsi.S.obj                  56      0         0      
       floatsidf.S.obj                44      0         0      
       floatunsisf.S.obj              40      0         0      
       aeabi_memset.S.obj             26      0         0      
       aeabi_memcpy.S.obj             8       0         0      
       aeabi_div0.c.obj               2       0         0      
    +--+------------------------------+-------+---------+---------+
       Total:                         2664    0         0      
                                                               
       Stack:                         0       0         512    
       Linker Generated:              0       109       0      
    +--+------------------------------+-------+---------+---------+
       Grand Total:                   27506   5784      1768   


LINKER GENERATED COPY TABLES

__TI_cinit_table @ 00008230 records: 2, size/record: 8, table size: 16
	.data: load addr=000081d0, load size=00000049 bytes, run addr=2020043c, run size=000000ae bytes, compression=lzss
	.bss: load addr=00008228, load size=00000008 bytes, run addr=20200000, run size=0000043a bytes, compression=zero_init


LINKER GENERATED HANDLER TABLE

__TI_handler_table @ 0000821c records: 3, size/record: 4, table size: 12
	index: 0, handler: __TI_decompress_lzss
	index: 1, handler: __TI_decompress_none
	index: 2, handler: __TI_zero_init


FAR CALL TRAMPOLINES

callee name               trampoline name
   callee addr  tramp addr   call addr  call info
--------------  -----------  ---------  ----------------
__aeabi_dmul              $Tramp$TT$L$PI$$__aeabi_dmul
   00003879     00006b9c     00006b9a   libc.a : e_asin.c.obj (.text.OUTLINED_FUNCTION_0)
                             00006bb4          : s_atan.c.obj (.text.OUTLINED_FUNCTION_0)
                             00006bbe          : e_asin.c.obj (.text.OUTLINED_FUNCTION_1)
                             00006bf6          : s_atan.c.obj (.text.OUTLINED_FUNCTION_2)
                             00006c2c          : e_asin.c.obj (.text.OUTLINED_FUNCTION_2)
__aeabi_ddiv              $Tramp$TT$L$PI$$__aeabi_ddiv
   0000309d     00006bcc     00006bc8   libc.a : e_asin.c.obj (.text.OUTLINED_FUNCTION_3)
__aeabi_dadd              $Tramp$TT$L$PI$$__aeabi_dadd
   00002397     00006c18     00006c14   libc.a : s_atan.c.obj (.text.OUTLINED_FUNCTION_1)
                             00006c3e          : e_asin.c.obj (.text.OUTLINED_FUNCTION_4)
_c_int00_noargs           $Tramp$TT$L$PI$$_c_int00_noargs
   000061ed     00006c44     00006c40   startup_mspm0g350x_ticlang.o (.text.Reset_Handler)

[4 trampolines]
[9 trampoline calls]


GLOBAL SYMBOLS: SORTED ALPHABETICALLY BY Name 

address   name                                 
-------   ----                                 
00006c35  ADC0_IRQHandler                      
00006c35  ADC1_IRQHandler                      
00006c35  AES_IRQHandler                       
00006c38  C$$EXIT                              
00006c35  CANFD0_IRQHandler                    
2020048f  COUNT                                
00006c35  DAC0_IRQHandler                      
202004c8  DEADZONE                             
00006b89  DL_Common_delayCycles                
000055d9  DL_DMA_initChannel                   
00005325  DL_I2C_fillControllerTXFIFO          
00005a25  DL_I2C_flushControllerTXFIFO         
00006261  DL_I2C_setClockConfig                
00003b21  DL_SYSCTL_configSYSPLL               
000057dd  DL_SYSCTL_switchMCLKfromSYSOSCtoHSCLK
000032b1  DL_Timer_initFourCCPWMMode           
00003791  DL_Timer_initTimerMode               
000064e1  DL_Timer_setCaptCompUpdateMethod     
000067dd  DL_Timer_setCaptureCompareOutCtl     
00006b05  DL_Timer_setCaptureCompareValue      
000064fd  DL_Timer_setClockConfig              
000056bd  DL_UART_init                         
00006abd  DL_UART_setClockConfig               
00006c35  DMA_IRQHandler                       
00006c35  Default_Handler                      
202004e2  FinishLine                           
000000c1  Follow_Line                          
00006c35  GROUP0_IRQHandler                    
0000437d  GROUP1_IRQHandler                    
00004bfd  GetKeyNum                            
202004ca  GetMessage_IF                        
202004cc  GetMessage_X1                        
202004ce  GetMessage_X2                        
202004d0  GetMessage_Y1                        
202004d2  GetMessage_Y2                        
00006c39  HOSTexit                             
00006c35  HardFault_Handler                    
00006c35  I2C0_IRQHandler                      
00006c35  I2C1_IRQHandler                      
00005cdd  I2C_Start                            
00006175  I2C_Stop                             
0000619d  I2C_WaitAck                          
00006535  Interrupt_Init                       
20200490  KD_X                                 
20200494  KD_Y                                 
20200498  KI_X                                 
2020049c  KI_Y                                 
202004a0  KP_X                                 
202004a4  KP_Y                                 
20200419  KeyNum                               
00002991  MPU6050_Init                         
00006c35  NMI_Handler                          
20200380  OLED                                 
00005001  OLED_Clear                           
000034b5  OLED_Init                            
202003a0  OLED_MPU6050                         
00005a9d  OLED_Set_Pos                         
00002f85  OLED_ShowChar                        
000035af  OLED_ShowNum                         
00004eb9  OLED_ShowString                      
00005589  OLED_WR_Byte                         
202004a8  PWM_Period_Count                     
00006c35  PendSV_Handler                       
00006c35  RTC_IRQHandler                       
00001979  Read_Quad                            
00006c41  Reset_Handler                        
20200414  RxPacket                             
00006c35  SPI0_IRQHandler                      
00006c35  SPI1_IRQHandler                      
00006c35  SVC_Handler                          
000068b5  SYSCFG_DL_DMA_CH0_init               
00006bf9  SYSCFG_DL_DMA_init                   
00001dd1  SYSCFG_DL_GPIO_init                  
000053e1  SYSCFG_DL_I2C_MPU6050_init           
00004741  SYSCFG_DL_PWM_Motor_init             
00005705  SYSCFG_DL_SYSCTL_init                
00005d11  SYSCFG_DL_Stepper_Timer_init         
00004f29  SYSCFG_DL_Stepper_X_init             
00004f95  SYSCFG_DL_Stepper_Y_init             
00005f2d  SYSCFG_DL_TIMER_0_init               
00004c75  SYSCFG_DL_UART_0_init                
00005439  SYSCFG_DL_init                       
00004175  SYSCFG_DL_initPower                  
00004ce9  Send_Byte                            
20200438  Serial_RxFlag                        
20200000  Serial_RxPacket                      
00004b01  Set_MotorSpeed_L                     
000047d1  Set_MotorSpeed_R                     
202004d4  Speed_Left                           
202004d6  Speed_Right                          
000062ad  Stepper_Init                         
000004a9  Stepper_PD_Control                   
00004425  Stepper_RunX                         
000044cd  Stepper_RunY                         
00006b15  SysTick_Handler                      
000068cd  SysTick_Init                         
00006c35  TIMA0_IRQHandler                     
00005e0d  TIMA1_IRQHandler                     
0000251f  TIMG0_IRQHandler                     
00006c35  TIMG12_IRQHandler                    
00006c35  TIMG6_IRQHandler                     
00005e3d  TIMG7_IRQHandler                     
00006c35  TIMG8_IRQHandler                     
00006acf  TI_memcpy_small                      
00006b6f  TI_memset_small                      
00003a41  UART0_IRQHandler                     
00006c35  UART1_IRQHandler                     
00006c35  UART2_IRQHandler                     
00006c35  UART3_IRQHandler                     
20208000  __STACK_END                          
00000200  __STACK_SIZE                         
00000000  __TI_ATRegion0_region_sz             
00000000  __TI_ATRegion0_src_addr              
00000000  __TI_ATRegion0_trg_addr              
00000000  __TI_ATRegion1_region_sz             
00000000  __TI_ATRegion1_src_addr              
00000000  __TI_ATRegion1_trg_addr              
00000000  __TI_ATRegion2_region_sz             
00000000  __TI_ATRegion2_src_addr              
00000000  __TI_ATRegion2_trg_addr              
00008230  __TI_CINIT_Base                      
00008240  __TI_CINIT_Limit                     
00008240  __TI_CINIT_Warm                      
0000821c  __TI_Handler_Table_Base              
00008228  __TI_Handler_Table_Limit             
00005b51  __TI_auto_init_nobinit_nopinit       
00004b81  __TI_decompress_lzss                 
00006ae1  __TI_decompress_none                 
ffffffff  __TI_pprof_out_hndl                  
00001245  __TI_printfi_minimal                 
ffffffff  __TI_prof_data_size                  
ffffffff  __TI_prof_data_start                 
00000000  __TI_static_base__                   
00006b35  __TI_zero_init                       
00002397  __adddf3                             
00003c07  __addsf3                             
00004dd1  __aeabi_d2f                          
00005671  __aeabi_d2iz                         
00002397  __aeabi_dadd                         
0000513d  __aeabi_dcmpeq                       
00005179  __aeabi_dcmpge                       
0000518d  __aeabi_dcmpgt                       
00005165  __aeabi_dcmple                       
00005151  __aeabi_dcmplt                       
0000309d  __aeabi_ddiv                         
00003879  __aeabi_dmul                         
0000238d  __aeabi_dsub                         
202004ac  __aeabi_errno                        
00006c01  __aeabi_errno_addr                   
0000592d  __aeabi_f2d                          
00005c05  __aeabi_f2iz                         
00003c07  __aeabi_fadd                         
000051a1  __aeabi_fcmpeq                       
000051dd  __aeabi_fcmpge                       
000051f1  __aeabi_fcmpgt                       
000051c9  __aeabi_fcmple                       
000051b5  __aeabi_fcmplt                       
00004a7d  __aeabi_fdiv                         
0000485d  __aeabi_fmul                         
00003bfd  __aeabi_fsub                         
00005fdd  __aeabi_i2d                          
00005ad9  __aeabi_i2f                          
00005491  __aeabi_idiv                         
0000473f  __aeabi_idiv0                        
00005491  __aeabi_idivmod                      
00006b7d  __aeabi_memclr                       
00006b7d  __aeabi_memclr4                      
00006b7d  __aeabi_memclr8                      
00006c09  __aeabi_memcpy                       
00006c09  __aeabi_memcpy4                      
00006c09  __aeabi_memcpy8                      
00006b45  __aeabi_memset                       
00006b45  __aeabi_memset4                      
00006b45  __aeabi_memset8                      
000061c5  __aeabi_ui2f                         
000058ed  __aeabi_uidiv                        
000058ed  __aeabi_uidivmod                     
ffffffff  __binit__                            
0000506d  __cmpdf2                             
00005b8d  __cmpsf2                             
0000309d  __divdf3                             
00004a7d  __divsf3                             
0000506d  __eqdf2                              
00005b8d  __eqsf2                              
0000592d  __extendsfdf2                        
00005671  __fixdfsi                            
00005c05  __fixsfsi                            
00005fdd  __floatsidf                          
00005ad9  __floatsisf                          
000061c5  __floatunsisf                        
00004d5d  __gedf2                              
00005b15  __gesf2                              
00004d5d  __gtdf2                              
00005b15  __gtsf2                              
0000506d  __ledf2                              
00005b8d  __lesf2                              
0000506d  __ltdf2                              
00005b8d  __ltsf2                              
UNDEFED   __mpu_init                           
00003879  __muldf3                             
00005bc9  __muldsi3                            
0000485d  __mulsf3                             
0000506d  __nedf2                              
00005b8d  __nesf2                              
20207e00  __stack                              
20200000  __start___llvm_prf_bits              
20200000  __start___llvm_prf_cnts              
20200000  __stop___llvm_prf_bits               
20200000  __stop___llvm_prf_cnts               
0000238d  __subdf3                             
00003bfd  __subsf3                             
00004dd1  __truncdfsf2                         
000061ed  _c_int00_noargs                      
UNDEFED   _system_post_cinit                   
00006c55  _system_pre_init                     
00006c2f  abort                                
20200408  accel                                
00007e46  asc2_0806                            
00007856  asc2_1608                            
00000be9  asin                                 
00000be9  asinl                                
00000f4d  atan                                 
00002521  atan2                                
00002521  atan2l                               
00000f4d  atanl                                
ffffffff  binit                                
202004b0  control_x                            
202004b4  control_y                            
00006b25  delay_ms                             
0000574d  dmp_enable_6x_lp_quat                
000014c9  dmp_enable_feature                   
00005205  dmp_enable_gyro_cal                  
00005795  dmp_enable_lp_quat                   
00006551  dmp_load_motion_driver_firmware      
00001ff9  dmp_read_fifo                        
00006a71  dmp_register_android_orient_cb       
00006a85  dmp_register_tap_cb                  
00004611  dmp_set_fifo_rate                    
000026a9  dmp_set_orientation                  
00005821  dmp_set_shake_reject_thresh          
00005d79  dmp_set_shake_reject_time            
00005dab  dmp_set_shake_reject_timeout         
000050d5  dmp_set_tap_axes                     
00005865  dmp_set_tap_count                    
00001741  dmp_set_tap_thresh                   
00005e6d  dmp_set_tap_time                     
00005e9d  dmp_set_tap_time_multi               
202004e6  enable_aiming                        
202004e7  enable_group1_irq                    
2020041a  encoder1_count                       
20200434  encoder2_count                       
202004d8  error_x                              
202004da  error_y                              
202000c8  gPWM_MotorBackup                     
20200240  gStepper_TimerBackup                 
202002e0  gStepper_XBackup                     
20200184  gStepper_YBackup                     
2020040e  gyro                                 
00008182  hw                                   
00000000  interruptVectors                     
00000881  main                                 
000062d1  memccpy                              
00006335  memcmp                               
20200439  more                                 
00005265  mpu6050_i2c_sda_unlock               
00004001  mpu_configure_fifo                   
00004e45  mpu_get_accel_fsr                    
000052c5  mpu_get_gyro_fsr                     
00005d45  mpu_get_sample_rate                  
00002d39  mpu_init                             
00002e61  mpu_load_firmware                    
000033b5  mpu_lp_accel_mode                    
000031a9  mpu_read_fifo_stream                 
00004225  mpu_read_mem                         
00001ba5  mpu_reset_fifo                       
0000395d  mpu_set_accel_fsr                    
000021ed  mpu_set_bypass                       
000040bd  mpu_set_dmp_state                    
00003e79  mpu_set_gyro_fsr                     
00004575  mpu_set_int_latched                  
00003da9  mpu_set_lpf                          
000036a5  mpu_set_sample_rate                  
00002c09  mpu_set_sensors                      
000042d1  mpu_write_mem                        
00005ecd  mspm0_delay_ms                       
00006009  mspm0_get_clock_ms                   
00002ad5  mspm0_i2c_read                       
00003f3d  mspm0_i2c_write                      
00005efd  oled_pow                             
202004e8  pen_state                            
2020041c  pitch                                
202003f8  quat                                 
00008100  reg                                  
20200420  roll                                 
202004e9  searching                            
20200424  sensor_timestamp                     
20200436  sensors                              
00005c3d  sprintf                              
00002821  sqrt                                 
00002821  sqrtl                                
202004e0  stable_count                         
20200428  start_time                           
202003c0  stepper_X                            
202003dc  stepper_Y                            
000080d8  test                                 
2020042c  tick_ms                              
20200430  yaw                                  


GLOBAL SYMBOLS: SORTED BY Symbol Address 

address   name                                 
-------   ----                                 
00000000  __TI_ATRegion0_region_sz             
00000000  __TI_ATRegion0_src_addr              
00000000  __TI_ATRegion0_trg_addr              
00000000  __TI_ATRegion1_region_sz             
00000000  __TI_ATRegion1_src_addr              
00000000  __TI_ATRegion1_trg_addr              
00000000  __TI_ATRegion2_region_sz             
00000000  __TI_ATRegion2_src_addr              
00000000  __TI_ATRegion2_trg_addr              
00000000  __TI_static_base__                   
00000000  interruptVectors                     
000000c1  Follow_Line                          
00000200  __STACK_SIZE                         
000004a9  Stepper_PD_Control                   
00000881  main                                 
00000be9  asin                                 
00000be9  asinl                                
00000f4d  atan                                 
00000f4d  atanl                                
00001245  __TI_printfi_minimal                 
000014c9  dmp_enable_feature                   
00001741  dmp_set_tap_thresh                   
00001979  Read_Quad                            
00001ba5  mpu_reset_fifo                       
00001dd1  SYSCFG_DL_GPIO_init                  
00001ff9  dmp_read_fifo                        
000021ed  mpu_set_bypass                       
0000238d  __aeabi_dsub                         
0000238d  __subdf3                             
00002397  __adddf3                             
00002397  __aeabi_dadd                         
0000251f  TIMG0_IRQHandler                     
00002521  atan2                                
00002521  atan2l                               
000026a9  dmp_set_orientation                  
00002821  sqrt                                 
00002821  sqrtl                                
00002991  MPU6050_Init                         
00002ad5  mspm0_i2c_read                       
00002c09  mpu_set_sensors                      
00002d39  mpu_init                             
00002e61  mpu_load_firmware                    
00002f85  OLED_ShowChar                        
0000309d  __aeabi_ddiv                         
0000309d  __divdf3                             
000031a9  mpu_read_fifo_stream                 
000032b1  DL_Timer_initFourCCPWMMode           
000033b5  mpu_lp_accel_mode                    
000034b5  OLED_Init                            
000035af  OLED_ShowNum                         
000036a5  mpu_set_sample_rate                  
00003791  DL_Timer_initTimerMode               
00003879  __aeabi_dmul                         
00003879  __muldf3                             
0000395d  mpu_set_accel_fsr                    
00003a41  UART0_IRQHandler                     
00003b21  DL_SYSCTL_configSYSPLL               
00003bfd  __aeabi_fsub                         
00003bfd  __subsf3                             
00003c07  __addsf3                             
00003c07  __aeabi_fadd                         
00003da9  mpu_set_lpf                          
00003e79  mpu_set_gyro_fsr                     
00003f3d  mspm0_i2c_write                      
00004001  mpu_configure_fifo                   
000040bd  mpu_set_dmp_state                    
00004175  SYSCFG_DL_initPower                  
00004225  mpu_read_mem                         
000042d1  mpu_write_mem                        
0000437d  GROUP1_IRQHandler                    
00004425  Stepper_RunX                         
000044cd  Stepper_RunY                         
00004575  mpu_set_int_latched                  
00004611  dmp_set_fifo_rate                    
0000473f  __aeabi_idiv0                        
00004741  SYSCFG_DL_PWM_Motor_init             
000047d1  Set_MotorSpeed_R                     
0000485d  __aeabi_fmul                         
0000485d  __mulsf3                             
00004a7d  __aeabi_fdiv                         
00004a7d  __divsf3                             
00004b01  Set_MotorSpeed_L                     
00004b81  __TI_decompress_lzss                 
00004bfd  GetKeyNum                            
00004c75  SYSCFG_DL_UART_0_init                
00004ce9  Send_Byte                            
00004d5d  __gedf2                              
00004d5d  __gtdf2                              
00004dd1  __aeabi_d2f                          
00004dd1  __truncdfsf2                         
00004e45  mpu_get_accel_fsr                    
00004eb9  OLED_ShowString                      
00004f29  SYSCFG_DL_Stepper_X_init             
00004f95  SYSCFG_DL_Stepper_Y_init             
00005001  OLED_Clear                           
0000506d  __cmpdf2                             
0000506d  __eqdf2                              
0000506d  __ledf2                              
0000506d  __ltdf2                              
0000506d  __nedf2                              
000050d5  dmp_set_tap_axes                     
0000513d  __aeabi_dcmpeq                       
00005151  __aeabi_dcmplt                       
00005165  __aeabi_dcmple                       
00005179  __aeabi_dcmpge                       
0000518d  __aeabi_dcmpgt                       
000051a1  __aeabi_fcmpeq                       
000051b5  __aeabi_fcmplt                       
000051c9  __aeabi_fcmple                       
000051dd  __aeabi_fcmpge                       
000051f1  __aeabi_fcmpgt                       
00005205  dmp_enable_gyro_cal                  
00005265  mpu6050_i2c_sda_unlock               
000052c5  mpu_get_gyro_fsr                     
00005325  DL_I2C_fillControllerTXFIFO          
000053e1  SYSCFG_DL_I2C_MPU6050_init           
00005439  SYSCFG_DL_init                       
00005491  __aeabi_idiv                         
00005491  __aeabi_idivmod                      
00005589  OLED_WR_Byte                         
000055d9  DL_DMA_initChannel                   
00005671  __aeabi_d2iz                         
00005671  __fixdfsi                            
000056bd  DL_UART_init                         
00005705  SYSCFG_DL_SYSCTL_init                
0000574d  dmp_enable_6x_lp_quat                
00005795  dmp_enable_lp_quat                   
000057dd  DL_SYSCTL_switchMCLKfromSYSOSCtoHSCLK
00005821  dmp_set_shake_reject_thresh          
00005865  dmp_set_tap_count                    
000058ed  __aeabi_uidiv                        
000058ed  __aeabi_uidivmod                     
0000592d  __aeabi_f2d                          
0000592d  __extendsfdf2                        
00005a25  DL_I2C_flushControllerTXFIFO         
00005a9d  OLED_Set_Pos                         
00005ad9  __aeabi_i2f                          
00005ad9  __floatsisf                          
00005b15  __gesf2                              
00005b15  __gtsf2                              
00005b51  __TI_auto_init_nobinit_nopinit       
00005b8d  __cmpsf2                             
00005b8d  __eqsf2                              
00005b8d  __lesf2                              
00005b8d  __ltsf2                              
00005b8d  __nesf2                              
00005bc9  __muldsi3                            
00005c05  __aeabi_f2iz                         
00005c05  __fixsfsi                            
00005c3d  sprintf                              
00005cdd  I2C_Start                            
00005d11  SYSCFG_DL_Stepper_Timer_init         
00005d45  mpu_get_sample_rate                  
00005d79  dmp_set_shake_reject_time            
00005dab  dmp_set_shake_reject_timeout         
00005e0d  TIMA1_IRQHandler                     
00005e3d  TIMG7_IRQHandler                     
00005e6d  dmp_set_tap_time                     
00005e9d  dmp_set_tap_time_multi               
00005ecd  mspm0_delay_ms                       
00005efd  oled_pow                             
00005f2d  SYSCFG_DL_TIMER_0_init               
00005fdd  __aeabi_i2d                          
00005fdd  __floatsidf                          
00006009  mspm0_get_clock_ms                   
00006175  I2C_Stop                             
0000619d  I2C_WaitAck                          
000061c5  __aeabi_ui2f                         
000061c5  __floatunsisf                        
000061ed  _c_int00_noargs                      
00006261  DL_I2C_setClockConfig                
000062ad  Stepper_Init                         
000062d1  memccpy                              
00006335  memcmp                               
000064e1  DL_Timer_setCaptCompUpdateMethod     
000064fd  DL_Timer_setClockConfig              
00006535  Interrupt_Init                       
00006551  dmp_load_motion_driver_firmware      
000067dd  DL_Timer_setCaptureCompareOutCtl     
000068b5  SYSCFG_DL_DMA_CH0_init               
000068cd  SysTick_Init                         
00006a71  dmp_register_android_orient_cb       
00006a85  dmp_register_tap_cb                  
00006abd  DL_UART_setClockConfig               
00006acf  TI_memcpy_small                      
00006ae1  __TI_decompress_none                 
00006b05  DL_Timer_setCaptureCompareValue      
00006b15  SysTick_Handler                      
00006b25  delay_ms                             
00006b35  __TI_zero_init                       
00006b45  __aeabi_memset                       
00006b45  __aeabi_memset4                      
00006b45  __aeabi_memset8                      
00006b6f  TI_memset_small                      
00006b7d  __aeabi_memclr                       
00006b7d  __aeabi_memclr4                      
00006b7d  __aeabi_memclr8                      
00006b89  DL_Common_delayCycles                
00006bf9  SYSCFG_DL_DMA_init                   
00006c01  __aeabi_errno_addr                   
00006c09  __aeabi_memcpy                       
00006c09  __aeabi_memcpy4                      
00006c09  __aeabi_memcpy8                      
00006c2f  abort                                
00006c35  ADC0_IRQHandler                      
00006c35  ADC1_IRQHandler                      
00006c35  AES_IRQHandler                       
00006c35  CANFD0_IRQHandler                    
00006c35  DAC0_IRQHandler                      
00006c35  DMA_IRQHandler                       
00006c35  Default_Handler                      
00006c35  GROUP0_IRQHandler                    
00006c35  HardFault_Handler                    
00006c35  I2C0_IRQHandler                      
00006c35  I2C1_IRQHandler                      
00006c35  NMI_Handler                          
00006c35  PendSV_Handler                       
00006c35  RTC_IRQHandler                       
00006c35  SPI0_IRQHandler                      
00006c35  SPI1_IRQHandler                      
00006c35  SVC_Handler                          
00006c35  TIMA0_IRQHandler                     
00006c35  TIMG12_IRQHandler                    
00006c35  TIMG6_IRQHandler                     
00006c35  TIMG8_IRQHandler                     
00006c35  UART1_IRQHandler                     
00006c35  UART2_IRQHandler                     
00006c35  UART3_IRQHandler                     
00006c38  C$$EXIT                              
00006c39  HOSTexit                             
00006c41  Reset_Handler                        
00006c55  _system_pre_init                     
00007856  asc2_1608                            
00007e46  asc2_0806                            
000080d8  test                                 
00008100  reg                                  
00008182  hw                                   
0000821c  __TI_Handler_Table_Base              
00008228  __TI_Handler_Table_Limit             
00008230  __TI_CINIT_Base                      
00008240  __TI_CINIT_Limit                     
00008240  __TI_CINIT_Warm                      
20200000  Serial_RxPacket                      
20200000  __start___llvm_prf_bits              
20200000  __start___llvm_prf_cnts              
20200000  __stop___llvm_prf_bits               
20200000  __stop___llvm_prf_cnts               
202000c8  gPWM_MotorBackup                     
20200184  gStepper_YBackup                     
20200240  gStepper_TimerBackup                 
202002e0  gStepper_XBackup                     
20200380  OLED                                 
202003a0  OLED_MPU6050                         
202003c0  stepper_X                            
202003dc  stepper_Y                            
202003f8  quat                                 
20200408  accel                                
2020040e  gyro                                 
20200414  RxPacket                             
20200419  KeyNum                               
2020041a  encoder1_count                       
2020041c  pitch                                
20200420  roll                                 
20200424  sensor_timestamp                     
20200428  start_time                           
2020042c  tick_ms                              
20200430  yaw                                  
20200434  encoder2_count                       
20200436  sensors                              
20200438  Serial_RxFlag                        
20200439  more                                 
2020048f  COUNT                                
20200490  KD_X                                 
20200494  KD_Y                                 
20200498  KI_X                                 
2020049c  KI_Y                                 
202004a0  KP_X                                 
202004a4  KP_Y                                 
202004a8  PWM_Period_Count                     
202004ac  __aeabi_errno                        
202004b0  control_x                            
202004b4  control_y                            
202004c8  DEADZONE                             
202004ca  GetMessage_IF                        
202004cc  GetMessage_X1                        
202004ce  GetMessage_X2                        
202004d0  GetMessage_Y1                        
202004d2  GetMessage_Y2                        
202004d4  Speed_Left                           
202004d6  Speed_Right                          
202004d8  error_x                              
202004da  error_y                              
202004e0  stable_count                         
202004e2  FinishLine                           
202004e6  enable_aiming                        
202004e7  enable_group1_irq                    
202004e8  pen_state                            
202004e9  searching                            
20207e00  __stack                              
20208000  __STACK_END                          
ffffffff  __TI_pprof_out_hndl                  
ffffffff  __TI_prof_data_size                  
ffffffff  __TI_prof_data_start                 
ffffffff  __binit__                            
ffffffff  binit                                
UNDEFED   __mpu_init                           
UNDEFED   _system_post_cinit                   

[307 symbols]
